$ date -R
Fri, 29 Jan 2016 09:38:27 +1100
$ git checkout master
Already on 'master'
$ git reset --hard stable
HEAD is now at 03c21cb775a3 Merge tag 'for_linus' of git://git.kernel.org/pub/scm/linux/kernel/git/mst/vhost
Merging origin/master (03c21cb775a3 Merge tag 'for_linus' of git://git.kernel.org/pub/scm/linux/kernel/git/mst/vhost)
$ git merge origin/master
Already up-to-date.
Merging fixes/master (92e963f50fc7 Linux 4.5-rc1)
$ git merge fixes/master
Already up-to-date.
Merging kbuild-current/rc-fixes (3d1450d54a4f Makefile: Force gzip and xz on module install)
$ git merge kbuild-current/rc-fixes
Already up-to-date.
Merging arc-current/for-curr (74bf8efb5fa6 Linux 4.4-rc7)
$ git merge arc-current/for-curr
Already up-to-date.
Merging arm-current/fixes (03590cb56d5d ARM: wire up copy_file_range() syscall)
$ git merge arm-current/fixes
Merge made by the 'recursive' strategy.
 arch/arm/boot/compressed/Makefile  | 9 +++++++++
 arch/arm/include/uapi/asm/unistd.h | 1 +
 arch/arm/kernel/calls.S            | 1 +
 3 files changed, 11 insertions(+)
Merging m68k-current/for-linus (eb37bc3f85b6 m68k: Provide __phys_to_pfn() and __pfn_to_phys())
$ git merge m68k-current/for-linus
Already up-to-date.
Merging metag-fixes/fixes (0164a711c97b metag: Fix ioremap_wc/ioremap_cached build errors)
$ git merge metag-fixes/fixes
Already up-to-date.
Merging mips-fixes/mips-fixes (1795cd9b3a91 Linux 3.16-rc5)
$ git merge mips-fixes/mips-fixes
Already up-to-date.
Merging powerpc-fixes/fixes (2d19fc639516 powerpc/mm: Fixup _HPAGE_CHG_MASK)
$ git merge powerpc-fixes/fixes
Merge made by the 'recursive' strategy.
 arch/powerpc/include/asm/book3s/64/hash.h    |  4 +++-
 arch/powerpc/include/asm/book3s/64/pgtable.h |  1 -
 arch/powerpc/include/asm/systbl.h            |  1 +
 arch/powerpc/include/asm/unistd.h            |  2 +-
 arch/powerpc/include/uapi/asm/unistd.h       |  1 +
 arch/powerpc/kernel/eeh_pe.c                 | 33 +++++++++++++---------------
 arch/powerpc/kernel/misc_64.S                | 28 -----------------------
 arch/powerpc/kernel/module_64.c              | 12 +++++++---
 arch/powerpc/mm/mem.c                        |  4 ++--
 arch/powerpc/perf/power8-pmu.c               |  2 +-
 scripts/mod/modpost.c                        |  3 ++-
 11 files changed, 35 insertions(+), 56 deletions(-)
Merging powerpc-merge-mpe/fixes (bc0195aad0da Linux 4.2-rc2)
$ git merge powerpc-merge-mpe/fixes
Already up-to-date.
Merging sparc/master (1a40b95374f6 sparc: Fix system call tracing register handling.)
$ git merge sparc/master
Merge made by the 'recursive' strategy.
 arch/sparc/include/uapi/asm/unistd.h |  3 ++-
 arch/sparc/kernel/entry.S            | 17 +++++++++++++++++
 arch/sparc/kernel/syscalls.S         | 36 ++++++++++++++++++++++++++++++++++++
 arch/sparc/kernel/systbls_32.S       |  2 +-
 arch/sparc/kernel/systbls_64.S       |  4 ++--
 5 files changed, 58 insertions(+), 4 deletions(-)
Merging net/master (3b9e9488098a Merge branch 'master' of git://git.kernel.org/pub/scm/linux/kernel/git/jkirsher/net-queue)
$ git merge net/master
Auto-merging net/ipv4/tcp_ipv4.c
Merge made by the 'recursive' strategy.
 .../devicetree/bindings/net/hisilicon-hns-dsaf.txt |   5 +-
 .../devicetree/bindings/net/hisilicon-hns-nic.txt  |   7 +-
 .../bindings/net/marvell-armada-370-neta.txt       |   7 +-
 Documentation/networking/ip-sysctl.txt             |   2 +-
 arch/arm64/boot/dts/hisilicon/hip05_hns.dtsi       |  19 ++-
 drivers/net/dsa/mv88e6xxx.c                        |   2 +-
 drivers/net/ethernet/apm/xgene/xgene_enet_main.c   |  12 +-
 drivers/net/ethernet/apm/xgene/xgene_enet_main.h   |   1 +
 drivers/net/ethernet/broadcom/genet/bcmmii.c       |   2 +-
 drivers/net/ethernet/cadence/macb.c                |   2 +-
 drivers/net/ethernet/freescale/Makefile            |   3 +
 drivers/net/ethernet/freescale/fec.h               |  44 ++++---
 drivers/net/ethernet/freescale/fec_main.c          | 133 +++++++++++----------
 drivers/net/ethernet/freescale/fs_enet/mac-fcc.c   |   2 +-
 drivers/net/ethernet/hisilicon/hns/hnae.c          |  17 ++-
 drivers/net/ethernet/hisilicon/hns/hnae.h          |   7 +-
 drivers/net/ethernet/hisilicon/hns/hns_ae_adapt.c  |   4 +
 drivers/net/ethernet/hisilicon/hns/hns_dsaf_main.c |  10 +-
 drivers/net/ethernet/hisilicon/hns/hns_dsaf_main.h |   1 +
 drivers/net/ethernet/hisilicon/hns/hns_enet.c      |  15 ++-
 drivers/net/ethernet/hisilicon/hns/hns_enet.h      |   2 +-
 drivers/net/ethernet/intel/i40e/i40e_main.c        |  15 +--
 drivers/net/ethernet/intel/i40e/i40e_txrx.c        |   4 +-
 drivers/net/ethernet/marvell/mvneta.c              |  47 +++++---
 drivers/net/ethernet/sun/sunvnet.c                 |  16 ++-
 drivers/net/fddi/defxx.c                           |   8 +-
 drivers/net/geneve.c                               |   4 +-
 drivers/net/hyperv/hyperv_net.h                    |   1 +
 drivers/net/hyperv/netvsc.c                        |  33 +++--
 drivers/net/hyperv/netvsc_drv.c                    |  67 +----------
 drivers/net/irda/bfin_sir.h                        |   3 -
 drivers/net/phy/dp83640.c                          |  17 +++
 drivers/net/phy/phy.c                              |  46 ++++---
 drivers/net/phy/smsc.c                             |  54 +++++++--
 drivers/net/ppp/pptp.c                             |  34 ++++--
 drivers/net/vxlan.c                                |  23 ++--
 include/linux/netdevice.h                          |  11 +-
 include/net/dst_metadata.h                         |  18 +++
 include/net/netfilter/nf_conntrack_core.h          |   8 +-
 include/net/sock.h                                 |  12 --
 include/net/sock_reuseport.h                       |   2 +-
 net/core/dev.c                                     |   7 +-
 net/core/sock_reuseport.c                          |   9 +-
 net/ipv4/Kconfig                                   |   1 +
 net/ipv4/inet_diag.c                               |  21 ++--
 net/ipv4/tcp_ipv4.c                                |  13 +-
 net/ipv4/udp.c                                     |  32 +++--
 net/ipv6/Kconfig                                   |   1 +
 net/ipv6/sit.c                                     |   4 +-
 net/ipv6/udp.c                                     |  32 +++--
 net/iucv/af_iucv.c                                 |   3 +
 net/netfilter/ipset/ip_set_hash_netiface.c         |   4 -
 net/netfilter/nf_conntrack_core.c                  |  38 ++++--
 net/netfilter/nf_conntrack_helper.c                |   2 +-
 net/netfilter/nf_conntrack_netlink.c               |   2 +-
 net/netfilter/nf_tables_netdev.c                   |   8 +-
 net/netfilter/nfnetlink_cttimeout.c                |   4 +-
 net/netfilter/nft_byteorder.c                      |   6 +-
 net/netfilter/nft_ct.c                             |   2 +-
 net/netfilter/xt_TCPMSS.c                          |   9 +-
 net/sctp/socket.c                                  |   2 +
 net/unix/af_unix.c                                 |   1 +
 62 files changed, 535 insertions(+), 386 deletions(-)
Merging ipsec/master (a8a572a6b5f2 xfrm: dst_entries_init() per-net dst_ops)
$ git merge ipsec/master
Already up-to-date.
Merging ipvs/master (b16c29191dc8 netfilter: nf_conntrack: use safer way to lock all buckets)
$ git merge ipvs/master
Already up-to-date.
Merging wireless-drivers/master (f9ead9beef3f Merge tag 'iwlwifi-for-kalle-2016-01-26_2' of https://git.kernel.org/pub/scm/linux/kernel/git/iwlwifi/iwlwifi-fixes)
$ git merge wireless-drivers/master
Auto-merging MAINTAINERS
Merge made by the 'recursive' strategy.
 MAINTAINERS                                        |  2 +-
 drivers/net/wireless/ath/ath9k/eeprom.c            | 12 ++--
 .../wireless/broadcom/brcm80211/brcmfmac/bcmsdh.c  | 40 +++++-------
 .../wireless/broadcom/brcm80211/brcmfmac/common.c  |  1 +
 .../wireless/broadcom/brcm80211/brcmfmac/sdio.c    |  5 ++
 .../wireless/broadcom/brcm80211/brcmfmac/sdio.h    |  1 +
 drivers/net/wireless/intel/iwlwifi/iwl-7000.c      | 23 +++++--
 drivers/net/wireless/intel/iwlwifi/mvm/fw-api-tx.h |  6 +-
 drivers/net/wireless/intel/iwlwifi/mvm/rs.c        | 74 ++++++++++++++--------
 drivers/net/wireless/intel/iwlwifi/mvm/tx.c        |  5 +-
 drivers/net/wireless/intel/iwlwifi/pcie/drv.c      |  4 ++
 drivers/net/wireless/ralink/rt2x00/rt2400pci.c     |  4 +-
 drivers/net/wireless/ralink/rt2x00/rt2500pci.c     |  4 +-
 drivers/net/wireless/ralink/rt2x00/rt2500usb.c     |  4 +-
 drivers/net/wireless/ralink/rt2x00/rt2800lib.c     |  3 +-
 drivers/net/wireless/ralink/rt2x00/rt2x00.h        |  1 +
 drivers/net/wireless/ralink/rt2x00/rt2x00config.c  |  5 ++
 drivers/net/wireless/ralink/rt2x00/rt2x00mac.c     |  5 --
 drivers/net/wireless/ralink/rt2x00/rt61pci.c       |  4 +-
 drivers/net/wireless/ralink/rt2x00/rt73usb.c       |  4 +-
 drivers/net/wireless/realtek/rtlwifi/regd.c        |  2 +-
 drivers/ssb/main.c                                 |  7 +-
 22 files changed, 136 insertions(+), 80 deletions(-)
Merging mac80211/master (ca094a484076 mac80211: fix use of uninitialised values in RX aggregation)
$ git merge mac80211/master
Merge made by the 'recursive' strategy.
 drivers/net/wireless/mac80211_hwsim.c |  5 ++--
 include/net/iw_handler.h              |  6 +++++
 net/mac80211/agg-rx.c                 |  2 +-
 net/mac80211/ibss.c                   |  1 -
 net/mac80211/main.c                   |  6 +++++
 net/mac80211/mesh.c                   | 11 --------
 net/mac80211/mesh.h                   |  4 ---
 net/mac80211/mlme.c                   |  2 --
 net/mac80211/offchannel.c             | 16 ++++++-----
 net/mac80211/scan.c                   | 20 +++++++++++++-
 net/mac80211/sta_info.c               |  2 +-
 net/mac80211/status.c                 |  5 ++++
 net/mac80211/util.c                   | 16 ++++++++---
 net/rfkill/core.c                     | 16 +++--------
 net/wireless/core.c                   |  2 ++
 net/wireless/reg.c                    | 45 +++++++++++++++++--------------
 net/wireless/wext-core.c              | 50 ++++++++++++++++++++++++++++-------
 17 files changed, 134 insertions(+), 75 deletions(-)
Merging sound-current/for-linus (7ee96216c31a ALSA: dummy: Disable switching timer backend via sysfs)
$ git merge sound-current/for-linus
Merge made by the 'recursive' strategy.
 sound/core/Kconfig                  |  6 +++---
 sound/core/compress_offload.c       | 11 +++++++++++
 sound/core/seq/oss/seq_oss_init.c   |  2 +-
 sound/core/seq/oss/seq_oss_synth.c  |  2 +-
 sound/drivers/dummy.c               |  2 +-
 sound/firewire/bebob/bebob_stream.c | 14 +++++++++-----
 sound/isa/Kconfig                   |  4 ++++
 sound/pci/Kconfig                   |  3 +++
 sound/sparc/Kconfig                 |  1 +
 sound/usb/quirks.c                  | 14 +++++++++++++-
 10 files changed, 47 insertions(+), 12 deletions(-)
Merging pci-current/for-linus (c43e4b52cbf2 PCI: iproc: Fix BCMA PCIe bus scanning regression)
$ git merge pci-current/for-linus
Merge made by the 'recursive' strategy.
 drivers/pci/host/pcie-iproc.c      | 28 +++++++++++-----------------
 drivers/pci/pcie/aer/aerdrv.c      |  4 +---
 drivers/pci/pcie/aer/aerdrv.h      |  1 -
 drivers/pci/pcie/aer/aerdrv_core.c |  2 --
 4 files changed, 12 insertions(+), 23 deletions(-)
Merging driver-core.current/driver-core-linus (25cad69f21f5 base/platform: Fix platform drivers with no probe callback)
$ git merge driver-core.current/driver-core-linus
Merge made by the 'recursive' strategy.
 drivers/base/platform.c | 13 +++++++++----
 1 file changed, 9 insertions(+), 4 deletions(-)
Merging tty.current/tty-linus (f4f9edcf9b52 staging/speakup: Use tty_ldisc_ref() for paste kworker)
$ git merge tty.current/tty-linus
Merge made by the 'recursive' strategy.
 drivers/staging/speakup/selection.c |  5 ++++-
 drivers/tty/n_tty.c                 |  7 ++----
 drivers/tty/tty_io.c                | 44 ++++++++++++++++++++++++++++++++-----
 drivers/tty/tty_mutex.c             |  8 +++++++
 include/linux/tty.h                 |  1 +
 5 files changed, 53 insertions(+), 12 deletions(-)
Merging usb.current/usb-linus (a89a798a010e Merge tag 'usb-serial-4.5-rc2' of git://git.kernel.org/pub/scm/linux/kernel/git/johan/usb-serial into usb-linus)
$ git merge usb.current/usb-linus
Merge made by the 'recursive' strategy.
 drivers/usb/class/cdc-acm.c       | 14 +++++++++++++-
 drivers/usb/class/cdc-acm.h       |  1 +
 drivers/usb/core/hub.c            |  8 +++++---
 drivers/usb/serial/cp210x.c       |  1 +
 drivers/usb/serial/ftdi_sio.c     |  1 +
 drivers/usb/serial/ftdi_sio_ids.h |  1 +
 drivers/usb/serial/mxu11x0.c      | 20 ++++++++++++++++++++
 drivers/usb/serial/option.c       | 18 +++++++++++++++++-
 drivers/usb/serial/visor.c        | 11 +++++++++--
 9 files changed, 68 insertions(+), 7 deletions(-)
Merging usb-gadget-fixes/fixes (7d32cdef5356 usb: musb: fail with error when no DMA controller set)
$ git merge usb-gadget-fixes/fixes
Already up-to-date.
Merging usb-serial-fixes/usb-linus (4152b387da81 USB: option: fix Cinterion AHxx enumeration)
$ git merge usb-serial-fixes/usb-linus
Already up-to-date.
Merging usb-chipidea-fixes/ci-for-usb-stable (6f51bc340d2a usb: chipidea: imx: fix a possible NULL dereference)
$ git merge usb-chipidea-fixes/ci-for-usb-stable
Already up-to-date.
Merging staging.current/staging-linus (f744c423cacf Merge tag 'iio-fixes-for-4.4c' of git://git.kernel.org/pub/scm/linux/kernel/git/jic23/iio into staging-linus)
$ git merge staging.current/staging-linus
Merge made by the 'recursive' strategy.
 drivers/iio/imu/adis_buffer.c | 2 +-
 1 file changed, 1 insertion(+), 1 deletion(-)
Merging char-misc.current/char-misc-linus (587198ba5206 vmstat: Remove BUG_ON from vmstat_update)
$ git merge char-misc.current/char-misc-linus
Already up-to-date.
Merging input-current/for-linus (d4f1b06d685d Input: vmmouse - fix absolute device registration)
$ git merge input-current/for-linus
Merge made by the 'recursive' strategy.
 drivers/input/joystick/xpad.c      |  1 -
 drivers/input/keyboard/cap11xx.c   |  8 ++++++--
 drivers/input/misc/Kconfig         |  2 +-
 drivers/input/misc/sirfsoc-onkey.c |  2 +-
 drivers/input/mouse/vmmouse.c      | 13 +++++++------
 drivers/input/serio/serio.c        |  2 +-
 6 files changed, 16 insertions(+), 12 deletions(-)
Merging crypto-current/master (00420a65fa2b crypto: shash - Fix has_key setting)
$ git merge crypto-current/master
Merge made by the 'recursive' strategy.
 arch/x86/crypto/chacha20-ssse3-x86_64.S | 6 ++++--
 crypto/Kconfig                          | 2 ++
 crypto/asymmetric_keys/pkcs7_parser.c   | 4 +---
 crypto/shash.c                          | 7 +++----
 drivers/char/hw_random/Kconfig          | 1 +
 drivers/crypto/caam/ctrl.c              | 4 ++--
 6 files changed, 13 insertions(+), 11 deletions(-)
Merging ide/master (e04a2bd6d8c9 drivers/ide: make ide-scan-pci.c driver explicitly non-modular)
$ git merge ide/master
Already up-to-date.
Merging devicetree-current/devicetree/merge (f76502aa9140 of/dynamic: Fix test for PPC_PSERIES)
$ git merge devicetree-current/devicetree/merge
Already up-to-date.
Merging rr-fixes/fixes (275d7d44d802 module: Fix locking in symbol_put_addr())
$ git merge rr-fixes/fixes
Already up-to-date.
Merging vfio-fixes/for-linus (16ab8a5cbea4 vfio/noiommu: Don't use iommu_present() to track fake groups)
$ git merge vfio-fixes/for-linus
Merge made by the 'recursive' strategy.
 drivers/vfio/vfio.c | 24 ++++++++++--------------
 1 file changed, 10 insertions(+), 14 deletions(-)
Merging kselftest-fixes/fixes (92e963f50fc7 Linux 4.5-rc1)
$ git merge kselftest-fixes/fixes
Already up-to-date.
Merging backlight-fixes/for-backlight-fixes (68feaca0b13e backlight: pwm: Handle EPROBE_DEFER while requesting the PWM)
$ git merge backlight-fixes/for-backlight-fixes
Already up-to-date.
Merging ftrace-fixes/for-next-urgent (6224beb12e19 tracing: Have branch tracer use recursive field of task struct)
$ git merge ftrace-fixes/for-next-urgent
Already up-to-date.
Merging mfd-fixes/for-mfd-fixes (1b52e50f2a40 mfd: max77843: Fix max77843_chg_init() return on error)
$ git merge mfd-fixes/for-mfd-fixes
Already up-to-date.
Merging drm-intel-fixes/for-linux-next-fixes (92e963f50fc7 Linux 4.5-rc1)
$ git merge drm-intel-fixes/for-linux-next-fixes
Already up-to-date.
Merging asm-generic/master (040b323b5012 ARM: asm/div64.h: adjust to generic codde)
$ git merge asm-generic/master
Already up-to-date.
Merging arc/for-next (cbfe74a753e8 ARCv2: STAR 9000950267: Handle return from intr to Delay Slot #2)
$ git merge arc/for-next
Merge made by the 'recursive' strategy.
 arch/arc/kernel/entry-arcv2.S | 19 ++++++++++++++++++-
 1 file changed, 18 insertions(+), 1 deletion(-)
Merging arm/for-next (d202f6d5c8d4 Merge branches 'component', 'fixes', 'misc' and 'tauros2' into for-next)
$ git merge arm/for-next
Merge made by the 'recursive' strategy.
 arch/arm/kernel/irq.c       |  2 +-
 arch/arm/kernel/topology.c  |  4 +---
 arch/arm/mm/cache-tauros2.c | 32 ++++++++++++++++--------------
 arch/arm/plat-orion/time.c  | 13 +++++++++++++
 drivers/base/component.c    | 47 +++++++++++++++++++++++++--------------------
 5 files changed, 59 insertions(+), 39 deletions(-)
Merging arm-perf/for-next/perf (92e963f50fc7 Linux 4.5-rc1)
$ git merge arm-perf/for-next/perf
Already up-to-date.
Merging arm-soc/for-next (ce504c3d4750 ARM: SoC: document merges)
$ git merge arm-soc/for-next
Merge made by the 'recursive' strategy.
 arch/arm/arm-soc-for-next-contents.txt | 338 +++++++++++++++++++++++++++++++++
 1 file changed, 338 insertions(+)
 create mode 100644 arch/arm/arm-soc-for-next-contents.txt
Merging at91/at91-next (8129febb508f ARM: dts: at91: at91sam9n12ek: fix panel compatible string)
$ git merge at91/at91-next
Merge made by the 'recursive' strategy.
 arch/arm/boot/dts/at91-sama5d2_xplained.dts | 12 +++++++++++-
 arch/arm/boot/dts/at91-sama5d4_xplained.dts |  6 ++++++
 arch/arm/boot/dts/at91sam9n12ek.dts         |  2 +-
 3 files changed, 18 insertions(+), 2 deletions(-)
Merging bcm2835/for-next (b2776bf7149b Linux 3.18)
$ git merge bcm2835/for-next
Already up-to-date.
Merging bcm2835-dt/bcm2835-dt-next (92e963f50fc7 Linux 4.5-rc1)
$ git merge bcm2835-dt/bcm2835-dt-next
Already up-to-date.
Merging bcm2835-soc/bcm2835-soc-next (92e963f50fc7 Linux 4.5-rc1)
$ git merge bcm2835-soc/bcm2835-soc-next
Already up-to-date.
Merging bcm2835-drivers/bcm2835-drivers-next (92e963f50fc7 Linux 4.5-rc1)
$ git merge bcm2835-drivers/bcm2835-drivers-next
Already up-to-date.
Merging bcm2835-defconfig/bcm2835-defconfig-next (92e963f50fc7 Linux 4.5-rc1)
$ git merge bcm2835-defconfig/bcm2835-defconfig-next
Already up-to-date.
Merging berlin/berlin/for-next (9a7e06833249 Merge branch 'berlin/fixes' into berlin/for-next)
$ git merge berlin/berlin/for-next
Already up-to-date!
Merge made by the 'recursive' strategy.
Merging cortex-m/for-next (f719a0d6a854 ARM: efm32: switch to vendor,device compatible strings)
$ git merge cortex-m/for-next
Already up-to-date.
Merging imx-mxs/for-next (01f04c2ccebc Merge branch 'imx/defconfig' into for-next)
$ git merge imx-mxs/for-next
Merge made by the 'recursive' strategy.
 .../boot/dts/imx25-eukrea-mbimxsd25-baseboard.dts  |  2 +-
 arch/arm/boot/dts/imx28-apf28dev.dts               |  2 +-
 arch/arm/boot/dts/imx28-eukrea-mbmx28lc.dtsi       |  4 +--
 arch/arm/boot/dts/imx28-tx28.dts                   |  2 +-
 .../boot/dts/imx35-eukrea-mbimxsd35-baseboard.dts  |  2 +-
 arch/arm/boot/dts/imx51-babbage.dts                |  2 +-
 arch/arm/boot/dts/imx51-digi-connectcore-som.dtsi  |  2 +-
 .../boot/dts/imx51-eukrea-mbimxsd51-baseboard.dts  |  2 +-
 arch/arm/boot/dts/imx53-ard.dts                    |  6 ++--
 arch/arm/boot/dts/imx53-qsb-common.dtsi            |  4 +--
 arch/arm/boot/dts/imx53-tx53-x03x.dts              |  2 +-
 arch/arm/boot/dts/imx53-tx53-x13x.dts              |  4 +--
 arch/arm/boot/dts/imx53-tx53.dtsi                  |  2 +-
 arch/arm/boot/dts/imx6dl-tx6u-811x.dts             |  2 +-
 arch/arm/boot/dts/imx6q-gk802.dts                  |  2 +-
 arch/arm/boot/dts/imx6q-tx6q-1110.dts              |  2 +-
 arch/arm/boot/dts/imx6qdl-apf6dev.dtsi             |  2 +-
 arch/arm/boot/dts/imx6qdl-gw51xx.dtsi              |  4 +--
 arch/arm/boot/dts/imx6qdl-gw52xx.dtsi              |  2 +-
 arch/arm/boot/dts/imx6qdl-gw53xx.dtsi              |  2 +-
 arch/arm/boot/dts/imx6qdl-gw54xx.dtsi              | 15 ++++++--
 arch/arm/boot/dts/imx6qdl-gw552x.dtsi              |  2 +-
 arch/arm/boot/dts/imx6qdl-nitrogen6_max.dtsi       |  2 +-
 arch/arm/boot/dts/imx6qdl-nitrogen6x.dtsi          |  2 +-
 arch/arm/boot/dts/imx6qdl-sabrelite.dtsi           |  2 +-
 arch/arm/boot/dts/imx6qdl-sabresd.dtsi             |  6 ++--
 arch/arm/boot/dts/imx6qdl-tx6.dtsi                 |  6 ++--
 arch/arm/boot/dts/imx6qdl.dtsi                     |  1 -
 arch/arm/boot/dts/imx6sl-warp.dts                  |  2 +-
 arch/arm/boot/dts/imx6sx-sabreauto.dts             |  2 +-
 arch/arm/boot/dts/imx6sx-sdb.dtsi                  |  4 +--
 arch/arm/boot/dts/imx6ul-14x14-evk.dts             |  4 +--
 arch/arm/boot/dts/imx7d-sbc-imx7.dts               |  2 +-
 arch/arm/boot/dts/imx7d-sdb.dts                    |  2 +-
 arch/arm/boot/dts/imx7d.dtsi                       |  9 +++++
 arch/arm/boot/dts/vfxxx.dtsi                       | 42 ++++++++++++++++++++++
 arch/arm/configs/imx_v6_v7_defconfig               |  1 +
 arch/arm/mach-imx/Kconfig                          |  1 +
 arch/arm/mach-imx/anatop.c                         |  9 ++++-
 arch/arm/mach-imx/pm-imx6.c                        |  8 ++---
 40 files changed, 121 insertions(+), 53 deletions(-)
Merging keystone/next (99d59777c089 Merge branch 'for_4.4-rcx/drivers-soc' into next)
$ git merge keystone/next
Merge made by the 'recursive' strategy.
Merging mvebu/for-next (29254df58a17 Merge branch 'mvebu/defconfig' into mvebu/for-next)
$ git merge mvebu/for-next
Removing arch/arm/boot/dts/kirkwood-lswxl.dts
Removing arch/arm/boot/dts/kirkwood-lswvl.dts
Merge made by the 'recursive' strategy.
 .../devicetree/bindings/arm/marvell,kirkwood.txt   |   7 +-
 .../pinctrl/marvell,armada-370-pinctrl.txt         |   5 +-
 arch/arm/boot/dts/Makefile                         |   7 +-
 arch/arm/boot/dts/armada-370-mirabox.dts           |   2 +-
 arch/arm/boot/dts/armada-370-netgear-rn104.dts     |   2 +-
 arch/arm/boot/dts/armada-370-synology-ds213j.dts   |   2 +-
 arch/arm/boot/dts/armada-388-gp.dts                |  36 +--
 arch/arm/boot/dts/armada-xp-lenovo-ix4-300d.dts    |   1 +
 arch/arm/boot/dts/kirkwood-linkstation-6282.dtsi   | 192 +++++++++++++
 .../boot/dts/kirkwood-linkstation-duo-6281.dtsi    | 186 +++++++++++++
 arch/arm/boot/dts/kirkwood-linkstation-lsqvl.dts   | 135 +++++++++
 arch/arm/boot/dts/kirkwood-linkstation-lsvl.dts    |  57 ++++
 arch/arm/boot/dts/kirkwood-linkstation-lswsxl.dts  |  57 ++++
 arch/arm/boot/dts/kirkwood-linkstation-lswvl.dts   | 112 ++++++++
 arch/arm/boot/dts/kirkwood-linkstation-lswxl.dts   | 116 ++++++++
 arch/arm/boot/dts/kirkwood-linkstation.dtsi        | 202 ++++++++++++++
 arch/arm/boot/dts/kirkwood-lswvl.dts               | 301 ---------------------
 arch/arm/boot/dts/kirkwood-lswxl.dts               | 301 ---------------------
 arch/arm/boot/dts/kirkwood-openrd-client.dts       |   6 +-
 arch/arm/boot/dts/kirkwood-openrd.dtsi             |  41 ++-
 arch/arm/boot/dts/kirkwood-pogoplug-series-4.dts   |   1 +
 arch/arm/boot/dts/kirkwood.dtsi                    |   2 +-
 arch/arm/boot/dts/orion5x-linkstation-lswtgl.dts   |   8 +-
 arch/arm/configs/mvebu_v5_defconfig                |   1 +
 arch/arm/configs/mvebu_v7_defconfig                |   1 +
 arch/arm/mach-mv78xx0/Kconfig                      |   3 +-
 26 files changed, 1147 insertions(+), 637 deletions(-)
 create mode 100644 arch/arm/boot/dts/kirkwood-linkstation-6282.dtsi
 create mode 100644 arch/arm/boot/dts/kirkwood-linkstation-duo-6281.dtsi
 create mode 100644 arch/arm/boot/dts/kirkwood-linkstation-lsqvl.dts
 create mode 100644 arch/arm/boot/dts/kirkwood-linkstation-lsvl.dts
 create mode 100644 arch/arm/boot/dts/kirkwood-linkstation-lswsxl.dts
 create mode 100644 arch/arm/boot/dts/kirkwood-linkstation-lswvl.dts
 create mode 100644 arch/arm/boot/dts/kirkwood-linkstation-lswxl.dts
 create mode 100644 arch/arm/boot/dts/kirkwood-linkstation.dtsi
 delete mode 100644 arch/arm/boot/dts/kirkwood-lswvl.dts
 delete mode 100644 arch/arm/boot/dts/kirkwood-lswxl.dts
Merging omap/for-next (d56817ce2533 Merge branch 'omap-for-v4.6/dt' into for-next)
$ git merge omap/for-next
Merge made by the 'recursive' strategy.
 arch/arm/boot/dts/am335x-cm-t335.dts       | 171 +++++++++++++++++++++++++++++
 arch/arm/boot/dts/am33xx.dtsi              |   1 +
 arch/arm/boot/dts/am4372.dtsi              |   5 +-
 arch/arm/boot/dts/am437x-gp-evm.dts        |   4 +-
 arch/arm/boot/dts/am43x-epos-evm.dts       |   2 +-
 arch/arm/boot/dts/am57xx-cl-som-am57x.dts  |  12 +-
 arch/arm/boot/dts/am57xx-sbc-am57x.dts     |   8 +-
 arch/arm/boot/dts/logicpd-torpedo-som.dtsi |   9 +-
 arch/arm/boot/dts/omap3-n900.dts           |  15 +++
 arch/arm/boot/dts/omap3-n950-n9.dtsi       |  15 +++
 arch/arm/boot/dts/omap3-n950.dts           |  29 +++++
 arch/arm/boot/dts/omap34xx.dtsi            |   6 +
 arch/arm/boot/dts/omap36xx.dtsi            |   6 +
 arch/arm/boot/dts/omap5-board-common.dtsi  |  33 ++++++
 arch/arm/configs/omap2plus_defconfig       |  10 ++
 arch/arm/mach-omap2/devices.c              |  28 -----
 arch/arm/mach-omap2/pdata-quirks.c         |  23 ++++
 arch/arm/mach-omap2/sleep34xx.S            |  61 +++++-----
 arch/arm/mach-omap2/sleep44xx.S            |  25 +++--
 19 files changed, 372 insertions(+), 91 deletions(-)
Merging omap-pending/for-next (30aa18d3bea5 MAINTAINERS: add maintainer for OMAP hwmod data)
$ git merge omap-pending/for-next
Resolved 'arch/arm/mach-omap2/omap_hwmod_43xx_data.c' using previous resolution.
Resolved 'arch/arm/mach-omap2/omap_hwmod_7xx_data.c' using previous resolution.
Auto-merging arch/arm/mach-omap2/omap_hwmod_7xx_data.c
CONFLICT (content): Merge conflict in arch/arm/mach-omap2/omap_hwmod_7xx_data.c
Auto-merging arch/arm/mach-omap2/omap_hwmod_43xx_data.c
CONFLICT (content): Merge conflict in arch/arm/mach-omap2/omap_hwmod_43xx_data.c
Automatic merge failed; fix conflicts and then commit the result.
$ git commit -v -a
[master d7d041c95517] Merge remote-tracking branch 'omap-pending/for-next'
$ git diff -M --stat --summary HEAD^..
Merging qcom/for-next (e654927c5ff7 ARM: qcom: Drop ARCH_MSM* configs)
$ git merge qcom/for-next
Auto-merging arch/arm/mach-qcom/Kconfig
Auto-merging arch/arm/Makefile
Auto-merging Documentation/devicetree/bindings/arm/cpus.txt
Merge made by the 'recursive' strategy.
 Documentation/devicetree/bindings/arm/cpus.txt     |   1 +
 .../devicetree/bindings/firmware/qcom,scm.txt      |  25 ++
 arch/arm/Makefile                                  |   3 +-
 arch/arm/boot/dts/qcom-msm8974.dtsi                |  11 +
 arch/arm/mach-qcom/Kconfig                         |  17 +-
 arch/arm64/boot/dts/qcom/Makefile                  |   1 +
 arch/arm64/boot/dts/qcom/msm8996-mtp.dts           |  21 ++
 arch/arm64/boot/dts/qcom/msm8996-mtp.dtsi          |  30 +++
 arch/arm64/boot/dts/qcom/msm8996.dtsi              | 267 ++++++++++++++++++++
 arch/arm64/boot/dts/qcom/pm8004.dtsi               |  19 ++
 arch/arm64/boot/dts/qcom/pm8994.dtsi               |  62 +++++
 arch/arm64/boot/dts/qcom/pmi8994.dtsi              |  19 ++
 drivers/firmware/qcom_scm-32.c                     |  82 +++++++
 drivers/firmware/qcom_scm-64.c                     |  25 ++
 drivers/firmware/qcom_scm.c                        | 271 ++++++++++++++++++++-
 drivers/firmware/qcom_scm.h                        |  12 +
 include/linux/qcom_scm.h                           |   6 +
 17 files changed, 854 insertions(+), 18 deletions(-)
 create mode 100644 Documentation/devicetree/bindings/firmware/qcom,scm.txt
 create mode 100644 arch/arm64/boot/dts/qcom/msm8996-mtp.dts
 create mode 100644 arch/arm64/boot/dts/qcom/msm8996-mtp.dtsi
 create mode 100644 arch/arm64/boot/dts/qcom/msm8996.dtsi
 create mode 100644 arch/arm64/boot/dts/qcom/pm8004.dtsi
 create mode 100644 arch/arm64/boot/dts/qcom/pm8994.dtsi
 create mode 100644 arch/arm64/boot/dts/qcom/pmi8994.dtsi
Merging renesas/next (5c999267cff8 Merge branches 'heads/cleanup-for-v4.6', 'heads/defconfig-for-v4.6', 'heads/drivers-for-v4.6', 'heads/dt-for-v4.6' and 'heads/arm64-dt-for-v4.6' into next)
$ git merge renesas/next
Merge made by the 'recursive' strategy.
 arch/arm/boot/dts/r8a73a4.dtsi                     | 212 +++----
 arch/arm/boot/dts/r8a7740.dtsi                     | 143 ++---
 arch/arm/boot/dts/r8a7778.dtsi                     |  87 +--
 arch/arm/boot/dts/r8a7779.dtsi                     |  78 +--
 arch/arm/boot/dts/r8a7790.dtsi                     | 370 ++++++------
 arch/arm/boot/dts/r8a7791-porter.dts               | 152 +++++
 arch/arm/boot/dts/r8a7791.dtsi                     | 388 ++++++-------
 arch/arm/boot/dts/r8a7793-gose.dts                 | 291 ++++++++++
 arch/arm/boot/dts/r8a7793.dtsi                     | 632 +++++++++++++++++----
 arch/arm/boot/dts/r8a7794-alt.dts                  |  46 ++
 arch/arm/boot/dts/r8a7794-silk.dts                 | 109 ++++
 arch/arm/boot/dts/r8a7794.dtsi                     | 234 ++++----
 arch/arm/configs/multi_v7_defconfig                |   1 +
 arch/arm/configs/shmobile_defconfig                |   3 +-
 arch/arm/mach-shmobile/setup-r8a7740.c             |  18 +-
 arch/arm/mach-shmobile/timer.c                     |  26 +-
 arch/arm64/boot/dts/renesas/r8a7795-salvator-x.dts |   4 +
 arch/arm64/boot/dts/renesas/r8a7795.dtsi           | 111 +++-
 include/dt-bindings/clock/r8a7793-clock.h          |   2 +
 19 files changed, 2005 insertions(+), 902 deletions(-)
Merging rockchip/for-next (c47f7cb67321 Merge branch 'v4.6-clk/next' into for-next)
$ git merge rockchip/for-next
Merge made by the 'recursive' strategy.
 .../devicetree/bindings/mmc/rockchip-dw-mshc.txt   |  1 +
 .../bindings/soc/rockchip/power_domain.txt         | 21 ++++++
 arch/arm/boot/dts/rk3036-kylin.dts                 | 85 ++++++++++++++++++++++
 arch/arm/boot/dts/rk3036.dtsi                      | 28 +++----
 arch/arm/boot/dts/rk3066a-bqcurie2.dts             | 16 ++++
 arch/arm/boot/dts/rk3066a-marsboard.dts            | 16 ++++
 arch/arm/boot/dts/rk3066a-rayeager.dts             | 16 ++++
 arch/arm/boot/dts/rk3066a.dtsi                     | 24 ++++--
 arch/arm/boot/dts/rk3188.dtsi                      |  2 +
 arch/arm/boot/dts/rk3288-firefly.dtsi              | 24 ++++++
 arch/arm/boot/dts/rk3288-rock2-som.dtsi            | 26 +++++++
 arch/arm/boot/dts/rk3288-rock2-square.dts          | 48 +++++++++++-
 arch/arm/boot/dts/rk3288-veyron.dtsi               |  7 +-
 arch/arm/boot/dts/rk3288.dtsi                      | 45 ++++++++++++
 arch/arm64/Kconfig.platforms                       |  1 +
 arch/arm64/boot/dts/rockchip/rk3368.dtsi           | 10 ++-
 drivers/clk/rockchip/clk-rk3036.c                  |  2 +-
 drivers/clk/rockchip/clk-rk3188.c                  | 13 +---
 drivers/clk/rockchip/clk-rk3288.c                  | 16 ++--
 drivers/clk/rockchip/clk-rk3368.c                  | 54 +++++++-------
 drivers/soc/rockchip/pm_domains.c                  | 33 +++++++++
 include/dt-bindings/clock/rk3188-cru-common.h      |  1 +
 include/dt-bindings/power/rk3368-power.h           | 28 +++++++
 23 files changed, 439 insertions(+), 78 deletions(-)
 create mode 100644 include/dt-bindings/power/rk3368-power.h
Merging rpi/for-rpi-next (bc0195aad0da Linux 4.2-rc2)
$ git merge rpi/for-rpi-next
Already up-to-date.
Merging samsung/for-next (8005c49d9aea Linux 4.4-rc1)
$ git merge samsung/for-next
Already up-to-date.
Merging samsung-krzk/for-next (f0cd87b8dcd5 Merge branch 'next/dt' into for-next)
$ git merge samsung-krzk/for-next
Auto-merging include/linux/soc/samsung/exynos-regs-pmu.h
Auto-merging include/linux/soc/samsung/exynos-pmu.h
Removing arch/arm/mach-exynos/regs-srom.h
Removing arch/arm/mach-exynos/pmu.c
Auto-merging MAINTAINERS
Merge made by the 'recursive' strategy.
 .../bindings/arm/samsung/exynos-srom.txt           |  81 ++
 MAINTAINERS                                        |   1 +
 arch/arm/boot/dts/exynos4.dtsi                     |   5 +
 arch/arm/boot/dts/exynos5.dtsi                     |   5 +
 arch/arm/boot/dts/exynos5250.dtsi                  |   2 +-
 arch/arm/boot/dts/exynos5410-pinctrl.dtsi          | 406 +++++++++
 arch/arm/boot/dts/exynos5410-smdk5410.dts          |  41 +
 arch/arm/boot/dts/exynos5410.dtsi                  |  47 +
 arch/arm/boot/dts/exynos5420-arndale-octa.dts      |   9 +
 arch/arm/boot/dts/exynos5420-cpus.dtsi             | 102 +++
 arch/arm/boot/dts/exynos5420-peach-pit.dts         |   9 +
 arch/arm/boot/dts/exynos5420-smdk5420.dts          |   9 +
 arch/arm/boot/dts/exynos5420.dtsi                  | 170 ++--
 arch/arm/boot/dts/exynos5422-cpus.dtsi             | 140 +--
 arch/arm/boot/dts/exynos5422-odroidxu3-common.dtsi |   8 +
 arch/arm/boot/dts/exynos5800-peach-pi.dts          |   9 +
 arch/arm/boot/dts/exynos5800.dtsi                  | 108 +++
 arch/arm/boot/dts/s5pv210-aquila.dts               |   4 +-
 arch/arm/boot/dts/s5pv210-goni.dts                 |   4 +-
 arch/arm/boot/dts/s5pv210-smdkv210.dts             |   2 +-
 arch/arm/configs/exynos_defconfig                  |   9 +-
 arch/arm/mach-exynos/Kconfig                       |   3 +
 arch/arm/mach-exynos/Makefile                      |   2 +-
 arch/arm/mach-exynos/exynos.c                      |  30 +-
 arch/arm/mach-exynos/include/mach/map.h            |   8 -
 arch/arm/mach-exynos/mcpm-exynos.c                 |   2 +-
 arch/arm/mach-exynos/platsmp.c                     |   2 +-
 arch/arm/mach-exynos/pm.c                          |   4 +-
 arch/arm/mach-exynos/pmu.c                         | 967 ---------------------
 arch/arm/mach-exynos/regs-srom.h                   |  53 --
 arch/arm/mach-exynos/suspend.c                     |  24 +-
 arch/arm/mach-s3c64xx/Kconfig                      |   3 +-
 arch/arm/plat-samsung/adc.c                        |   6 +-
 arch/arm/plat-samsung/include/plat/map-s5p.h       |   1 -
 drivers/cpufreq/s5pv210-cpufreq.c                  |   2 -
 drivers/soc/Kconfig                                |   1 +
 drivers/soc/Makefile                               |   1 +
 drivers/soc/samsung/Kconfig                        |  17 +
 drivers/soc/samsung/Makefile                       |   3 +
 drivers/soc/samsung/exynos-pmu.c                   | 141 +++
 drivers/soc/samsung/exynos-pmu.h                   |  44 +
 drivers/soc/samsung/exynos-srom.c                  | 232 +++++
 drivers/soc/samsung/exynos-srom.h                  |  51 ++
 drivers/soc/samsung/exynos3250-pmu.c               | 175 ++++
 drivers/soc/samsung/exynos4-pmu.c                  | 222 +++++
 drivers/soc/samsung/exynos5250-pmu.c               | 195 +++++
 drivers/soc/samsung/exynos5420-pmu.c               | 280 ++++++
 .../linux/soc/samsung}/exynos-pmu.h                |   6 +-
 .../linux/soc/samsung/exynos-regs-pmu.h            |   6 +-
 49 files changed, 2432 insertions(+), 1220 deletions(-)
 create mode 100644 Documentation/devicetree/bindings/arm/samsung/exynos-srom.txt
 create mode 100644 arch/arm/boot/dts/exynos5410-pinctrl.dtsi
 create mode 100644 arch/arm/boot/dts/exynos5420-cpus.dtsi
 delete mode 100644 arch/arm/mach-exynos/pmu.c
 delete mode 100644 arch/arm/mach-exynos/regs-srom.h
 create mode 100644 drivers/soc/samsung/Kconfig
 create mode 100644 drivers/soc/samsung/Makefile
 create mode 100644 drivers/soc/samsung/exynos-pmu.c
 create mode 100644 drivers/soc/samsung/exynos-pmu.h
 create mode 100644 drivers/soc/samsung/exynos-srom.c
 create mode 100644 drivers/soc/samsung/exynos-srom.h
 create mode 100644 drivers/soc/samsung/exynos3250-pmu.c
 create mode 100644 drivers/soc/samsung/exynos4-pmu.c
 create mode 100644 drivers/soc/samsung/exynos5250-pmu.c
 create mode 100644 drivers/soc/samsung/exynos5420-pmu.c
 rename {arch/arm/mach-exynos => include/linux/soc/samsung}/exynos-pmu.h (81%)
 rename arch/arm/mach-exynos/regs-pmu.h => include/linux/soc/samsung/exynos-regs-pmu.h (99%)
Merging sunxi/sunxi/for-next (b836debe008b Merge branches 'sunxi/clocks-for-4.6' and 'sunxi/dt-for-4.6' into sunxi/for-next)
$ git merge sunxi/sunxi/for-next
Auto-merging arch/arm/boot/dts/Makefile
Merge made by the 'recursive' strategy.
 Documentation/arm/sunxi/README                     |   1 -
 Documentation/devicetree/bindings/arm/sunxi.txt    |   1 +
 arch/arm/boot/dts/Makefile                         |   3 +
 arch/arm/boot/dts/sun4i-a10-chuwi-v7-cw0825.dts    |  10 +
 arch/arm/boot/dts/sun4i-a10-inet97fv2.dts          |  10 +
 arch/arm/boot/dts/sun4i-a10-inet9f-rev03.dts       |   9 +
 .../boot/dts/sun4i-a10-itead-iteaduino-plus.dts    |  86 +---
 arch/arm/boot/dts/sun5i-r8-chip.dts                |   4 +
 arch/arm/boot/dts/sun6i-a31.dtsi                   |  10 +
 arch/arm/boot/dts/sun6i-a31s-sina31s-core.dtsi     |   6 +-
 arch/arm/boot/dts/sun7i-a20-itead-ibox.dts         | 125 +++++
 arch/arm/boot/dts/sun8i-a23-a33.dtsi               |   2 +-
 arch/arm/boot/dts/sun8i-a33-sinlinx-sina33.dts     |   3 +
 .../boot/dts/sun8i-a83t-allwinner-h8homlet-v2.dts  |  64 +++
 arch/arm/boot/dts/sun8i-a83t-cubietruck-plus.dts   |  65 +++
 arch/arm/boot/dts/sun8i-a83t.dtsi                  | 213 ++++++++
 arch/arm/boot/dts/sun9i-a80-cubieboard4.dts        |   6 +
 arch/arm/boot/dts/sun9i-a80-optimus.dts            |   6 +
 arch/arm/boot/dts/sun9i-a80.dtsi                   |  11 +-
 arch/arm/boot/dts/sunxi-itead-core-common.dtsi     | 136 ++++++
 arch/arm/mach-sunxi/sunxi.c                        |   1 +
 drivers/bus/sunxi-rsb.c                            |   4 +-
 drivers/clk/sunxi/clk-factors.c                    | 129 +++--
 drivers/clk/sunxi/clk-factors.h                    |  25 +-
 drivers/clk/sunxi/clk-mod0.c                       |  22 +-
 drivers/clk/sunxi/clk-sun6i-ar100.c                | 235 +++------
 drivers/clk/sunxi/clk-sun8i-bus-gates.c            |   1 -
 drivers/clk/sunxi/clk-sun8i-mbus.c                 | 127 +++--
 drivers/clk/sunxi/clk-sun9i-core.c                 |  85 ++--
 drivers/clk/sunxi/clk-sunxi.c                      | 533 +++++++--------------
 drivers/clk/sunxi/clk-usb.c                        |  24 +-
 31 files changed, 1167 insertions(+), 790 deletions(-)
 create mode 100644 arch/arm/boot/dts/sun7i-a20-itead-ibox.dts
 create mode 100644 arch/arm/boot/dts/sun8i-a83t-allwinner-h8homlet-v2.dts
 create mode 100644 arch/arm/boot/dts/sun8i-a83t-cubietruck-plus.dts
 create mode 100644 arch/arm/boot/dts/sun8i-a83t.dtsi
 create mode 100644 arch/arm/boot/dts/sunxi-itead-core-common.dtsi
Merging tegra/for-next (1f6aa48ccf7d Merge branch for-4.6/arm64 into for-next)
$ git merge tegra/for-next
Merge made by the 'recursive' strategy.
 arch/arm/boot/dts/tegra114.dtsi           |  2 +-
 arch/arm/boot/dts/tegra124-jetson-tk1.dts | 26 ++++++++++
 arch/arm/boot/dts/tegra124.dtsi           |  2 +-
 arch/arm/boot/dts/tegra20.dtsi            |  2 +-
 arch/arm/boot/dts/tegra30.dtsi            |  2 +-
 arch/arm64/boot/dts/nvidia/tegra132.dtsi  |  2 +-
 arch/arm64/boot/dts/nvidia/tegra210.dtsi  |  2 +-
 drivers/clk/tegra/clk-emc.c               |  6 ++-
 drivers/clk/tegra/clk-pll.c               | 50 +++++++++++-------
 drivers/clk/tegra/clk-tegra-periph.c      |  4 +-
 drivers/clk/tegra/clk-tegra210.c          | 86 +++++++++++++------------------
 drivers/soc/tegra/Kconfig                 |  2 -
 drivers/soc/tegra/pmc.c                   | 19 ++++---
 13 files changed, 115 insertions(+), 90 deletions(-)
Merging arm64/for-next/core (2a803c4db615 arm64: head.S: use memset to clear BSS)
$ git merge arm64/for-next/core
Already up-to-date.
Merging blackfin/for-linus (d91e14b3b9e1 eth: bf609 eth clock: add pclk clock for stmmac driver probe)
$ git merge blackfin/for-linus
Already up-to-date.
Merging c6x/for-linux-next (ca3060d39ae7 c6x: Use generic clkdev.h header)
$ git merge c6x/for-linux-next
Already up-to-date.
Merging cris/for-next (f9f3f864b5e8 cris: Fix section mismatches in architecture startup code)
$ git merge cris/for-next
Already up-to-date.
Merging h8300/h8300-next (2f1b0077a960 h8300: System call entry enable interrupt.)
$ git merge h8300/h8300-next
Already up-to-date.
Merging hexagon/linux-next (02cc2ccfe771 Revert "Hexagon: fix signal.c compile error")
$ git merge hexagon/linux-next
Already up-to-date.
Merging ia64/next (7e26e9ff0a93 pstore: Fix return type of pstore_is_mounted())
$ git merge ia64/next
Already up-to-date.
Merging m68k/for-next (a9c9d9aca4e7 zorro: Use kobj_to_dev())
$ git merge m68k/for-next
Merge made by the 'recursive' strategy.
 drivers/zorro/zorro-sysfs.c | 3 +--
 1 file changed, 1 insertion(+), 2 deletions(-)
Merging m68knommu/for-next (4693c2493a9b m68k: coldfire/gpio: Be sure to clamp return value)
$ git merge m68knommu/for-next
Already up-to-date.
Merging metag/for-next (c8b6ad8b3f87 metag: ftrace: remove the misleading comment for ftrace_dyn_arch_init)
$ git merge metag/for-next
Auto-merging arch/metag/kernel/ftrace.c
Merge made by the 'recursive' strategy.
 arch/metag/kernel/ftrace.c | 1 -
 1 file changed, 1 deletion(-)
Merging microblaze/next (c937adb7ec91 microblaze: Wire up userfaultfd, membarrier, mlock2 syscalls)
$ git merge microblaze/next
Merge made by the 'recursive' strategy.
 arch/microblaze/include/asm/unistd.h      | 2 +-
 arch/microblaze/include/uapi/asm/unistd.h | 3 +++
 arch/microblaze/kernel/syscall_table.S    | 3 +++
 3 files changed, 7 insertions(+), 1 deletion(-)
Merging mips/mips-for-linux-next (92e963f50fc7 Linux 4.5-rc1)
$ git merge mips/mips-for-linux-next
Already up-to-date.
Merging nios2/for-next (8e3d7c834ba0 nios2: fix cache coherency)
$ git merge nios2/for-next
Already up-to-date.
Merging parisc-hd/for-next (afd2ff9b7e1b Linux 4.4)
$ git merge parisc-hd/for-next
Already up-to-date.
Merging powerpc/next (92e963f50fc7 Linux 4.5-rc1)
$ git merge powerpc/next
Already up-to-date.
Merging powerpc-mpe/next (bc0195aad0da Linux 4.2-rc2)
$ git merge powerpc-mpe/next
Already up-to-date.
Merging fsl/next (44451d4d8f0e MAINTAINERS: Update Scott Wood's e-mail address)
$ git merge fsl/next
Already up-to-date.
Merging mpc5xxx/next (39e69f55f857 powerpc: Introduce the use of the managed version of kzalloc)
$ git merge mpc5xxx/next
Already up-to-date.
Merging s390/features (9f3d6d7a40a1 s390/cio: update measurement characteristics)
$ git merge s390/features
Merge made by the 'recursive' strategy.
 arch/s390/include/asm/irqflags.h       |  9 +++--
 arch/s390/include/asm/pci_io.h         | 14 +++++---
 arch/s390/include/asm/processor.h      |  4 +--
 arch/s390/include/asm/ptrace.h         |  6 ++--
 arch/s390/include/uapi/asm/unistd.h    |  3 +-
 arch/s390/kernel/compat_wrapper.c      |  1 +
 arch/s390/kernel/crash_dump.c          |  2 --
 arch/s390/kernel/debug.c               |  2 +-
 arch/s390/kernel/dumpstack.c           |  9 +++--
 arch/s390/kernel/early.c               |  8 ++---
 arch/s390/kernel/ftrace.c              |  2 +-
 arch/s390/kernel/ipl.c                 |  4 +--
 arch/s390/kernel/kprobes.c             | 16 ++++-----
 arch/s390/kernel/perf_event.c          | 12 +++----
 arch/s390/kernel/process.c             | 12 +++----
 arch/s390/kernel/ptrace.c              |  6 ++--
 arch/s390/kernel/setup.c               | 16 ++++-----
 arch/s390/kernel/signal.c              | 13 ++++----
 arch/s390/kernel/smp.c                 |  2 --
 arch/s390/kernel/stacktrace.c          | 11 +++---
 arch/s390/kernel/syscalls.S            |  1 +
 arch/s390/kernel/traps.c               | 11 +++---
 arch/s390/kvm/guestdbg.c               |  4 +--
 arch/s390/mm/fault.c                   |  6 ++--
 arch/s390/mm/init.c                    |  2 +-
 arch/s390/mm/mmap.c                    | 12 +++----
 arch/s390/mm/pgtable.c                 |  2 +-
 arch/s390/numa/numa.c                  |  6 ++--
 arch/s390/oprofile/backtrace.c         |  9 +++--
 arch/s390/pci/pci.c                    | 61 +++++++++++++++++-----------------
 arch/s390/pci/pci_event.c              |  5 +++
 drivers/s390/cio/chp.c                 | 21 +++++-------
 drivers/s390/cio/chp.h                 |  2 +-
 drivers/s390/cio/chsc.c                | 43 +++++++++++++-----------
 drivers/s390/crypto/zcrypt_error.h     | 15 +++++----
 drivers/s390/crypto/zcrypt_msgtype50.c |  9 ++---
 drivers/s390/crypto/zcrypt_msgtype6.c  | 20 +++++------
 37 files changed, 192 insertions(+), 189 deletions(-)
Merging sparc-next/master (9f935675d41a Merge branch 'for-linus' of git://git.kernel.org/pub/scm/linux/kernel/git/dtor/input)
$ git merge sparc-next/master
Already up-to-date.
Merging tile/master (f1c3418ed4e6 tile kgdb: fix bug in copy to gdb regs, and optimize memset)
$ git merge tile/master
Merge made by the 'recursive' strategy.
 arch/tile/kernel/kgdb.c | 8 ++++----
 1 file changed, 4 insertions(+), 4 deletions(-)
Merging uml/linux-next (288b31a382d2 um: use %lx format specifiers for unsigned longs)
$ git merge uml/linux-next
Merge made by the 'recursive' strategy.
 arch/x86/um/os-Linux/task_size.c | 4 ++--
 1 file changed, 2 insertions(+), 2 deletions(-)
Merging unicore32/unicore32 (d670878e2c9a unicore32: Remove ARCH_HAS_CPUFREQ config option)
$ git merge unicore32/unicore32
Already up-to-date.
Merging xtensa/for_next (bb2f3486041a Merge tag 'xtensa-for-next-20160111' of git://github.com/jcmvbkbc/linux-xtensa)
$ git merge xtensa/for_next
Auto-merging arch/xtensa/Kconfig
Merge made by the 'recursive' strategy.
 arch/xtensa/Kconfig                 | 16 +++++++++
 arch/xtensa/include/asm/io.h        | 16 +++++++--
 arch/xtensa/include/asm/processor.h | 12 +++----
 arch/xtensa/include/asm/timex.h     |  9 ++---
 arch/xtensa/kernel/traps.c          | 27 +++++++++++++++
 arch/xtensa/mm/Makefile             |  2 +-
 arch/xtensa/mm/ioremap.c            | 68 +++++++++++++++++++++++++++++++++++++
 7 files changed, 133 insertions(+), 17 deletions(-)
 create mode 100644 arch/xtensa/mm/ioremap.c
Merging btrfs/next (988f1f576d4f Merge branch 'for-chris-4.5' of git://git.kernel.org/pub/scm/linux/kernel/git/fdmanana/linux into for-linus-4.5)
$ git merge btrfs/next
Already up-to-date.
Merging btrfs-kdave/for-next (92e963f50fc7 Linux 4.5-rc1)
$ git merge btrfs-kdave/for-next
Already up-to-date.
Merging ceph/master (7e01726a6853 libceph: remove outdated comment)
$ git merge ceph/master
Already up-to-date.
Merging cifs/for-next (92e963f50fc7 Linux 4.5-rc1)
$ git merge cifs/for-next
Already up-to-date.
Merging configfs/for-next (1609bac8af31 configfs: add myself as co-maintainer, updated git tree)
$ git merge configfs/for-next
Already up-to-date.
Merging ecryptfs/next (933c32fe0e42 ecryptfs: drop null test before destroy functions)
$ git merge ecryptfs/next
Auto-merging fs/ecryptfs/main.c
Merge made by the 'recursive' strategy.
 fs/ecryptfs/main.c | 3 +--
 1 file changed, 1 insertion(+), 2 deletions(-)
Merging ext3/for_next (bb00c898ad1c udf: Check output buffer length when converting name to CS0)
$ git merge ext3/for_next
Already up-to-date.
Merging ext4/dev (68ce7bfcd995 fs: clean up the flags definition in uapi/linux/fs.h)
$ git merge ext4/dev
Already up-to-date.
Merging f2fs/dev (a7d30dc25554 f2fs: use wait_for_stable_page to avoid contention)
$ git merge f2fs/dev
Auto-merging fs/f2fs/super.c
Auto-merging fs/f2fs/file.c
Auto-merging fs/f2fs/data.c
Merge made by the 'recursive' strategy.
 Documentation/ABI/testing/sysfs-fs-f2fs |   8 ++
 fs/f2fs/checkpoint.c                    |   4 +-
 fs/f2fs/data.c                          |  69 ++++++++++----
 fs/f2fs/dir.c                           |   8 +-
 fs/f2fs/f2fs.h                          |   4 +-
 fs/f2fs/file.c                          |   6 +-
 fs/f2fs/gc.c                            | 160 +++++++++++++++++---------------
 fs/f2fs/inline.c                        |  18 ++--
 fs/f2fs/inode.c                         |   8 +-
 fs/f2fs/node.c                          |  52 ++++++++++-
 fs/f2fs/node.h                          |  26 +++++-
 fs/f2fs/recovery.c                      |   2 +-
 fs/f2fs/segment.c                       |  58 +++---------
 fs/f2fs/super.c                         |   2 +
 fs/f2fs/xattr.c                         |   6 +-
 15 files changed, 261 insertions(+), 170 deletions(-)
Merging fscache/fscache (b00c2ae2ed3c FS-Cache: Don't override netfs's primary_index if registering failed)
$ git merge fscache/fscache
Merge made by the 'recursive' strategy.
Merging fuse/for-next (0b5da8db145b fuse: add support for SEEK_HOLE and SEEK_DATA in lseek)
$ git merge fuse/for-next
Already up-to-date.
Merging gfs2/for-next (feb6c454e087 GFS2: Fix direct IO write rounding error)
$ git merge gfs2/for-next
Merge made by the 'recursive' strategy.
 fs/gfs2/aops.c  |  2 +-
 fs/gfs2/dir.c   |  4 ++--
 fs/gfs2/glock.c |  1 +
 fs/gfs2/super.c | 26 ++++++++++++++++----------
 4 files changed, 20 insertions(+), 13 deletions(-)
Merging jfs/jfs-next (26456955719b jfs: clean up jfs_rename and fix out of order unlock)
$ git merge jfs/jfs-next
Already up-to-date.
Merging nfs/linux-next (92e963f50fc7 Linux 4.5-rc1)
$ git merge nfs/linux-next
Already up-to-date.
Merging nfsd/nfsd-next (ee2bf98bbe90 NFSv4: fix getacl ERANGE for some ACL buffer sizes)
$ git merge nfsd/nfsd-next
Auto-merging fs/nfs/nfs4proc.c
Merge made by the 'recursive' strategy.
 fs/nfs/nfs4proc.c | 40 +++++++++++++++-------------------------
 1 file changed, 15 insertions(+), 25 deletions(-)
Merging orangefs/for-next (115b93a8595c orangefs: clean up op_alloc())
$ git merge orangefs/for-next
Auto-merging fs/Kconfig
Auto-merging MAINTAINERS
Merge made by the 'recursive' strategy.
 Documentation/ABI/stable/sysfs-fs-orangefs |   87 ++
 Documentation/filesystems/orangefs.txt     |  353 ++++++
 MAINTAINERS                                |    8 +
 fs/Kconfig                                 |    1 +
 fs/Makefile                                |    1 +
 fs/orangefs/Kconfig                        |    6 +
 fs/orangefs/Makefile                       |   10 +
 fs/orangefs/acl.c                          |  175 +++
 fs/orangefs/dcache.c                       |  120 ++
 fs/orangefs/devorangefs-req.c              |  930 +++++++++++++++
 fs/orangefs/dir.c                          |  446 +++++++
 fs/orangefs/downcall.h                     |  133 +++
 fs/orangefs/file.c                         |  737 ++++++++++++
 fs/orangefs/inode.c                        |  466 ++++++++
 fs/orangefs/namei.c                        |  446 +++++++
 fs/orangefs/orangefs-bufmap.c              |  577 +++++++++
 fs/orangefs/orangefs-bufmap.h              |   47 +
 fs/orangefs/orangefs-cache.c               |  249 ++++
 fs/orangefs/orangefs-debug.h               |   92 ++
 fs/orangefs/orangefs-debugfs.c             |  457 +++++++
 fs/orangefs/orangefs-debugfs.h             |    3 +
 fs/orangefs/orangefs-dev-proto.h           |   63 +
 fs/orangefs/orangefs-kernel.h              |  700 +++++++++++
 fs/orangefs/orangefs-mod.c                 |  293 +++++
 fs/orangefs/orangefs-sysfs.c               | 1773 ++++++++++++++++++++++++++++
 fs/orangefs/orangefs-sysfs.h               |    2 +
 fs/orangefs/orangefs-utils.c               | 1136 ++++++++++++++++++
 fs/orangefs/protocol.h                     |  444 +++++++
 fs/orangefs/super.c                        |  545 +++++++++
 fs/orangefs/symlink.c                      |   31 +
 fs/orangefs/upcall.h                       |  246 ++++
 fs/orangefs/waitqueue.c                    |  505 ++++++++
 fs/orangefs/xattr.c                        |  540 +++++++++
 33 files changed, 11622 insertions(+)
 create mode 100644 Documentation/ABI/stable/sysfs-fs-orangefs
 create mode 100644 Documentation/filesystems/orangefs.txt
 create mode 100644 fs/orangefs/Kconfig
 create mode 100644 fs/orangefs/Makefile
 create mode 100644 fs/orangefs/acl.c
 create mode 100644 fs/orangefs/dcache.c
 create mode 100644 fs/orangefs/devorangefs-req.c
 create mode 100644 fs/orangefs/dir.c
 create mode 100644 fs/orangefs/downcall.h
 create mode 100644 fs/orangefs/file.c
 create mode 100644 fs/orangefs/inode.c
 create mode 100644 fs/orangefs/namei.c
 create mode 100644 fs/orangefs/orangefs-bufmap.c
 create mode 100644 fs/orangefs/orangefs-bufmap.h
 create mode 100644 fs/orangefs/orangefs-cache.c
 create mode 100644 fs/orangefs/orangefs-debug.h
 create mode 100644 fs/orangefs/orangefs-debugfs.c
 create mode 100644 fs/orangefs/orangefs-debugfs.h
 create mode 100644 fs/orangefs/orangefs-dev-proto.h
 create mode 100644 fs/orangefs/orangefs-kernel.h
 create mode 100644 fs/orangefs/orangefs-mod.c
 create mode 100644 fs/orangefs/orangefs-sysfs.c
 create mode 100644 fs/orangefs/orangefs-sysfs.h
 create mode 100644 fs/orangefs/orangefs-utils.c
 create mode 100644 fs/orangefs/protocol.h
 create mode 100644 fs/orangefs/super.c
 create mode 100644 fs/orangefs/symlink.c
 create mode 100644 fs/orangefs/upcall.h
 create mode 100644 fs/orangefs/waitqueue.c
 create mode 100644 fs/orangefs/xattr.c
$ git am -3 ../patches/0001-orangfs-update-for-follow_link-to-get_link-change.patch
Applying: orangfs: update for follow_link to get_link change
$ git reset HEAD^
Unstaged changes after reset:
M	fs/orangefs/symlink.c
$ git add -A .
$ git commit -v -a --amend
[master 8f9c45d94896] Merge remote-tracking branch 'orangefs/for-next'
 Date: Fri Jan 29 10:25:01 2016 +1100
Merging overlayfs/overlayfs-next (84889d493356 ovl: check dentry positiveness in ovl_cleanup_whiteouts())
$ git merge overlayfs/overlayfs-next
Already up-to-date.
Merging squashfs/master (62421645bb70 Squashfs: Add LZ4 compression configuration option)
$ git merge squashfs/master
Already up-to-date.
Merging v9fs/for-next (a333e4bf2556 fs/9p: use fscache mutex rather than spinlock)
$ git merge v9fs/for-next
Already up-to-date.
Merging ubifs/linux-next (4fdd1d51ad5d ubifs: Use XATTR_*_PREFIX_LEN)
$ git merge ubifs/linux-next
Already up-to-date.
Merging xfs/for-next (ee3804d9f94c Merge branch 'xfs-misc-fixes-for-4.5-3' into for-next)
$ git merge xfs/for-next
Already up-to-date.
Merging file-locks/linux-next (b4d629a39e10 locks: rename __posix_lock_file to posix_lock_inode)
$ git merge file-locks/linux-next
Already up-to-date.
Merging vfs/for-next (6f3925248b75 Merge branches 'work.iov_iter', 'work.copy_file_range', 'work.xattr' and 'work.symlinks' into for-next)
$ git merge vfs/for-next
Merge made by the 'recursive' strategy.
Merging pci/next (92e963f50fc7 Linux 4.5-rc1)
$ git merge pci/next
Already up-to-date.
Merging hid/for-next (3bdf55449600 Merge branch 'for-4.6/logitech' into for-next)
$ git merge hid/for-next
Merge made by the 'recursive' strategy.
 drivers/hid/hid-core.c           |  94 ++++--
 drivers/hid/hid-ids.h            |   6 +-
 drivers/hid/hid-logitech-hidpp.c | 701 +++++++++++++++++++++++++++++++++------
 drivers/hid/hid-rmi.c            |  11 +
 drivers/hid/hid-sony.c           |  15 +-
 drivers/hid/usbhid/hid-quirks.c  |   1 +
 drivers/hid/wacom_wac.c          |  87 ++---
 7 files changed, 740 insertions(+), 175 deletions(-)
Merging i2c/i2c/for-next (92e963f50fc7 Linux 4.5-rc1)
$ git merge i2c/i2c/for-next
Already up-to-date.
Merging jdelvare-hwmon/master (ef0303d2bba0 hwmon: (emc2103) Fix typo in MODULE_PARM_DESC)
$ git merge jdelvare-hwmon/master
Merge made by the 'recursive' strategy.
 drivers/hwmon/emc2103.c | 2 +-
 1 file changed, 1 insertion(+), 1 deletion(-)
Merging dmi/master (c3db05ecf8ac firmware: dmi_scan: Save SMBIOS Type 9 System Slots)
$ git merge dmi/master
Merge made by the 'recursive' strategy.
Merging hwmon-staging/hwmon-next (3e5da370a051 hwmon: Add LTC2990 sensor driver)
$ git merge hwmon-staging/hwmon-next
Merge made by the 'recursive' strategy.
 Documentation/hwmon/ltc2990    |  43 +++++++++++
 drivers/hwmon/Kconfig          |  14 ++++
 drivers/hwmon/Makefile         |   1 +
 drivers/hwmon/dell-smm-hwmon.c |  11 +++
 drivers/hwmon/fam15h_power.c   |  10 ++-
 drivers/hwmon/ltc2990.c        | 161 +++++++++++++++++++++++++++++++++++++++++
 6 files changed, 239 insertions(+), 1 deletion(-)
 create mode 100644 Documentation/hwmon/ltc2990
 create mode 100644 drivers/hwmon/ltc2990.c
Merging v4l-dvb/master (e9605e755025 Merge branch 'topic/media-controller' into to_next)
$ git merge v4l-dvb/master
Merge made by the 'recursive' strategy.
 drivers/media/platform/vsp1/vsp1_drv.c | 7 +++++--
 1 file changed, 5 insertions(+), 2 deletions(-)
Merging kbuild/for-next (5399eb9b3908 dtbsinstall: don't move target directory out of the way)
$ git merge kbuild/for-next
Merge made by the 'recursive' strategy.
 scripts/Makefile.dtbinst | 2 --
 1 file changed, 2 deletions(-)
Merging kconfig/for-next (c0ddc8c745b7 localmodconfig: Use Kbuild files too)
$ git merge kconfig/for-next
Already up-to-date.
Merging libata/for-next (566d1827df2e libata: disable forced PORTS_IMPL for >= AHCI 1.3)
$ git merge libata/for-next
Merge made by the 'recursive' strategy.
 drivers/ata/ahci.h         |  1 +
 drivers/ata/ahci_brcmstb.c |  1 +
 drivers/ata/libahci.c      | 27 ++++++++++++++++++++++++---
 drivers/ata/libata-core.c  |  1 +
 include/linux/libata.h     |  1 +
 5 files changed, 28 insertions(+), 3 deletions(-)
Merging pm/linux-next (2c42c462e447 Merge branch 'pm-cpufreq' into linux-next)
$ git merge pm/linux-next
Merge made by the 'recursive' strategy.
 drivers/acpi/video_detect.c        |  8 --------
 drivers/base/power/domain.c        | 37 ++++++++++++++++++++-----------------
 drivers/cpufreq/cpufreq-dt.c       | 15 +++++++--------
 drivers/cpufreq/cpufreq.c          |  6 +++---
 drivers/cpufreq/cpufreq_governor.c | 11 ++++++++---
 drivers/cpufreq/pxa2xx-cpufreq.c   |  2 +-
 drivers/cpuidle/coupled.c          |  1 -
 drivers/cpuidle/cpuidle.c          |  2 +-
 drivers/pci/hotplug/acpiphp_glue.c |  4 +++-
 kernel/power/Kconfig               |  2 +-
 kernel/sched/idle.c                |  2 +-
 11 files changed, 45 insertions(+), 45 deletions(-)
Merging idle/next (31ade3b83e18 Linux 4.4-rc3)
$ git merge idle/next
Already up-to-date.
Merging apm/for-next (53675abbd1e5 x86, apm: Remove unused variable)
$ git merge apm/for-next
Already up-to-date.
Merging thermal/next (98d94507e10c Merge branches 'thermal-intel', 'thermal-suspend-fix' and 'thermal-soc' into next)
$ git merge thermal/next
Already up-to-date.
Merging thermal-soc/next (ce0265dd6f8e thermal: trip_point_temp_store() calls thermal_zone_device_update())
$ git merge thermal-soc/next
Merge made by the 'recursive' strategy.
Merging ieee1394/for-next (100ceb66d5c4 firewire: ohci: fix JMicron JMB38x IT context discovery)
$ git merge ieee1394/for-next
Already up-to-date.
Merging dlm/next (a6b1533e9a57 dlm: make posix locks interruptible)
$ git merge dlm/next
Already up-to-date.
Merging swiotlb/linux-next (386744425e35 swiotlb: Make linux/swiotlb.h standalone includible)
$ git merge swiotlb/linux-next
Merge made by the 'recursive' strategy.
 include/linux/swiotlb.h | 3 +++
 1 file changed, 3 insertions(+)
Merging slave-dma/next (8319f84adb49 dmaengine: ioatdma: Squelch framesize warnings)
$ git merge slave-dma/next
Merge made by the 'recursive' strategy.
 drivers/dma/dw/regs.h    |  2 +-
 drivers/dma/ep93xx_dma.c | 28 +++++++++++++++-------------
 drivers/dma/ioat/prep.c  |  2 +-
 3 files changed, 17 insertions(+), 15 deletions(-)
Merging net-next/master (7a26019fdecd Merge git://git.kernel.org/pub/scm/linux/kernel/git/davem/net)
$ git merge net-next/master
Already up-to-date!
Merge made by the 'recursive' strategy.
Merging ipsec-next/master (cb866e3298cd xfrm: Increment statistic counter on inner mode error)
$ git merge ipsec-next/master
Already up-to-date.
Merging ipvs-next/master (6709d1f4ece5 netfilter: ipvs/SIP: handle ip_vs_fill_iph_skb_off failure)
$ git merge ipvs-next/master
Merge made by the 'recursive' strategy.
 net/netfilter/ipvs/ip_vs_app.c    |  8 ++------
 net/netfilter/ipvs/ip_vs_ctl.c    | 17 ++++++-----------
 net/netfilter/ipvs/ip_vs_pe_sip.c |  4 ++--
 3 files changed, 10 insertions(+), 19 deletions(-)
Merging wireless-drivers-next/master (7a26019fdecd Merge git://git.kernel.org/pub/scm/linux/kernel/git/davem/net)
$ git merge wireless-drivers-next/master
Already up-to-date.
Merging bluetooth/master (1dee40086575 Bluetooth: Fix incorrect removing of IRKs)
$ git merge bluetooth/master
Merge made by the 'recursive' strategy.
 drivers/bluetooth/ath3k.c        |  1 +
 include/net/bluetooth/hci_core.h |  3 ++
 include/net/bluetooth/l2cap.h    |  6 +++
 net/bluetooth/Kconfig            |  9 +++++
 net/bluetooth/Makefile           |  1 +
 net/bluetooth/hci_core.c         |  8 ++++
 net/bluetooth/hci_request.c      | 28 +++++++++-----
 net/bluetooth/l2cap_core.c       | 14 ++++++-
 net/bluetooth/l2cap_sock.c       | 12 +++---
 net/bluetooth/leds.c             | 80 ++++++++++++++++++++++++++++++++++++++++
 net/bluetooth/leds.h             | 18 +++++++++
 net/bluetooth/smp.c              | 16 --------
 12 files changed, 162 insertions(+), 34 deletions(-)
 create mode 100644 net/bluetooth/leds.c
 create mode 100644 net/bluetooth/leds.h
Merging mac80211-next/master (5fe74014172d mac80211: avoid excessive stack usage in sta_info)
$ git merge mac80211-next/master
Resolved 'net/mac80211/debugfs.c' using previous resolution.
Auto-merging net/wireless/reg.c
Auto-merging net/wireless/core.c
Auto-merging net/rfkill/core.c
Auto-merging net/mac80211/util.c
Auto-merging net/mac80211/sta_info.c
Auto-merging net/mac80211/mlme.c
Auto-merging net/mac80211/mesh.c
Auto-merging net/mac80211/ibss.c
Auto-merging net/mac80211/debugfs.c
CONFLICT (content): Merge conflict in net/mac80211/debugfs.c
Auto-merging net/mac80211/agg-rx.c
Auto-merging drivers/net/wireless/ralink/rt2x00/rt2800lib.c
Auto-merging drivers/net/wireless/mac80211_hwsim.c
Automatic merge failed; fix conflicts and then commit the result.
$ git commit -v -a
[master 09d8e9fb6a4b] Merge remote-tracking branch 'mac80211-next/master'
$ git diff -M --stat --summary HEAD^..
 Documentation/ABI/obsolete/sysfs-class-rfkill      |   9 --
 Documentation/ABI/removed/sysfs-class-rfkill       |  13 +++
 drivers/net/wireless/ath/ath10k/mac.c              |   7 +-
 drivers/net/wireless/ath/ath9k/htc_drv_main.c      |   7 +-
 drivers/net/wireless/ath/ath9k/main.c              |   8 +-
 drivers/net/wireless/ath/carl9170/main.c           |   8 +-
 drivers/net/wireless/ath/wcn36xx/main.c            |   8 +-
 .../broadcom/brcm80211/brcmsmac/mac80211_if.c      |   8 +-
 drivers/net/wireless/intel/iwlegacy/4965-mac.c     |   8 +-
 drivers/net/wireless/intel/iwlegacy/4965.h         |   4 +-
 drivers/net/wireless/intel/iwlwifi/dvm/mac80211.c  |   9 +-
 drivers/net/wireless/intel/iwlwifi/mvm/mac80211.c  |   9 +-
 drivers/net/wireless/mac80211_hwsim.c              |  12 +-
 drivers/net/wireless/marvell/mwl8k.c               |  10 +-
 drivers/net/wireless/mediatek/mt7601u/main.c       |   8 +-
 drivers/net/wireless/ralink/rt2x00/rt2800lib.c     |   7 +-
 drivers/net/wireless/ralink/rt2x00/rt2800lib.h     |   4 +-
 drivers/net/wireless/realtek/rtl8xxxu/rtl8xxxu.c   |   6 +-
 drivers/net/wireless/realtek/rtlwifi/core.c        |   8 +-
 drivers/net/wireless/rsi/rsi_91x_mac80211.c        |  19 ++--
 drivers/net/wireless/st/cw1200/sta.c               |   4 +-
 drivers/net/wireless/st/cw1200/sta.h               |   4 +-
 drivers/net/wireless/ti/wlcore/main.c              |   8 +-
 include/linux/ieee80211.h                          |  26 +++++
 include/linux/rfkill.h                             |   3 +-
 include/net/mac80211.h                             | 101 ++++++++++++++---
 include/uapi/linux/rfkill.h                        |   2 +
 net/mac80211/agg-rx.c                              |  49 ++++++++-
 net/mac80211/agg-tx.c                              |  53 ++++++---
 net/mac80211/cfg.c                                 |  29 +++++
 net/mac80211/chan.c                                |   2 +-
 net/mac80211/debugfs.c                             |   1 +
 net/mac80211/driver-ops.c                          |  10 +-
 net/mac80211/driver-ops.h                          |   4 +-
 net/mac80211/ht.c                                  |   5 +
 net/mac80211/ibss.c                                |  32 +++---
 net/mac80211/ieee80211_i.h                         |  20 ++--
 net/mac80211/iface.c                               |  13 +++
 net/mac80211/mesh.c                                |   9 +-
 net/mac80211/mesh_plink.c                          |  10 +-
 net/mac80211/mlme.c                                |  68 ++++--------
 net/mac80211/rx.c                                  |  18 ++-
 net/mac80211/sta_info.c                            |  33 ++++--
 net/mac80211/sta_info.h                            |  21 ++--
 net/mac80211/trace.h                               |  43 ++++----
 net/mac80211/util.c                                |  71 +++++++-----
 net/mac80211/vht.c                                 |  42 +++++++
 net/rfkill/core.c                                  |  71 ++++++------
 net/wireless/Kconfig                               |  25 +----
 net/wireless/core.c                                |  10 ++
 net/wireless/mlme.c                                |   3 +-
 net/wireless/reg.c                                 | 122 ++++++---------------
 52 files changed, 655 insertions(+), 429 deletions(-)
 create mode 100644 Documentation/ABI/removed/sysfs-class-rfkill
Merging rdma/for-next (34356f64ac0d IB/mlx5: Unify CQ create flags check)
$ git merge rdma/for-next
Already up-to-date.
Merging mtd/master (9146cbd52b11 mtd: jz4780_nand: replace if/else blocks with switch/case)
$ git merge mtd/master
Already up-to-date.
Merging l2-mtd/master (15c0be7bec00 mtd: Fix dependencies for !HAS_IOMEM archs)
$ git merge l2-mtd/master
Merge made by the 'recursive' strategy.
 arch/arm/plat-samsung/devs.c                    |   9 -
 arch/mips/include/asm/mach-jz4740/jz4740_nand.h |   2 -
 drivers/mtd/bcm47xxpart.c                       |  42 ++--
 drivers/mtd/nand/Kconfig                        |   2 +
 drivers/mtd/nand/atmel_nand.c                   |  12 +-
 drivers/mtd/nand/gpmi-nand/gpmi-nand.c          |  73 ++++--
 drivers/mtd/nand/jz4740_nand.c                  |   3 -
 drivers/mtd/nand/lpc32xx_mlc.c                  |   2 +-
 drivers/mtd/nand/mpc5121_nfc.c                  |   7 +-
 drivers/mtd/nand/nand_bbt.c                     |   2 -
 drivers/mtd/nand/nand_ids.c                     |   4 +-
 drivers/mtd/nand/nuc900_nand.c                  |   2 +-
 drivers/mtd/nand/plat_nand.c                    |   1 -
 drivers/mtd/nand/s3c2410.c                      |   3 -
 drivers/mtd/nand/sunxi_nand.c                   | 287 +++++++++++++++++++++---
 drivers/mtd/nand/vf610_nfc.c                    |   2 -
 drivers/mtd/onenand/onenand_bbt.c               |   5 +-
 drivers/mtd/spi-nor/Kconfig                     |   1 +
 drivers/mtd/spi-nor/mtk-quadspi.c               |   4 +-
 drivers/staging/mt29f_spinand/mt29f_spinand.h   |   1 -
 include/linux/mtd/bbm.h                         |   1 -
 include/linux/mtd/inftl.h                       |   1 -
 include/linux/mtd/nand.h                        |   8 +-
 include/linux/mtd/nftl.h                        |   1 -
 include/linux/platform_data/mtd-nand-s3c2410.h  |   1 -
 25 files changed, 368 insertions(+), 108 deletions(-)
Merging crypto/master (2f313e029020 crypto: jitterentropy - always select CRYPTO_RNG)
$ git merge crypto/master
Auto-merging net/sctp/socket.c
Auto-merging net/ipv4/tcp_ipv4.c
Auto-merging net/bluetooth/smp.c
Removing include/crypto/internal/compress.h
Removing include/crypto/compress.h
Auto-merging fs/ecryptfs/main.c
Auto-merging drivers/char/hw_random/Kconfig
Removing crypto/zlib.c
Removing crypto/pcompress.c
Auto-merging crypto/Kconfig
Merge made by the 'recursive' strategy.
 .../devicetree/bindings/rng/brcm,bcm6368.txt       |  17 +
 .../devicetree/bindings/sparc_sun_oracle_rng.txt   |  30 ++
 .../devicetree/bindings/vendor-prefixes.txt        |   2 +
 arch/x86/crypto/sha-mb/sha1_mb_mgr_submit_avx2.S   |   2 +-
 crypto/Kconfig                                     |  20 +-
 crypto/Makefile                                    |   2 -
 crypto/ahash.c                                     |   6 +
 crypto/algapi.c                                    |  15 +
 crypto/drbg.c                                      |  64 ----
 crypto/internal.h                                  |   3 +
 crypto/pcompress.c                                 | 115 -------
 crypto/skcipher.c                                  |   4 +-
 crypto/testmgr.c                                   | 224 ------------
 crypto/testmgr.h                                   | 144 --------
 crypto/zlib.c                                      | 381 ---------------------
 drivers/block/cryptoloop.c                         |  48 +--
 drivers/block/drbd/drbd_int.h                      |  16 +-
 drivers/block/drbd/drbd_main.c                     |  16 +-
 drivers/block/drbd/drbd_nl.c                       |  59 ++--
 drivers/block/drbd/drbd_receiver.c                 |  56 ++-
 drivers/block/drbd/drbd_worker.c                   |  43 ++-
 drivers/char/hw_random/Kconfig                     |   2 +-
 drivers/char/hw_random/bcm63xx-rng.c               |   9 +-
 drivers/char/hw_random/n2-drv.c                    |  10 +
 drivers/crypto/atmel-sha-regs.h                    |   4 +
 drivers/crypto/atmel-sha.c                         | 131 +++++--
 drivers/crypto/caam/ctrl.c                         |   2 +-
 drivers/crypto/caam/regs.h                         |   3 +-
 drivers/crypto/ccp/ccp-crypto-aes-cmac.c           |  23 ++
 drivers/crypto/ccp/ccp-crypto-sha.c                |  23 ++
 drivers/crypto/ixp4xx_crypto.c                     |  26 +-
 drivers/crypto/qat/qat_common/adf_accel_devices.h  |   4 +-
 drivers/crypto/qat/qat_common/adf_aer.c            |   1 -
 drivers/crypto/qat/qat_common/adf_cfg_user.h       |   6 +-
 drivers/crypto/qat/qat_common/qat_algs.c           |   6 +-
 drivers/crypto/s5p-sss.c                           |  12 +-
 drivers/crypto/sunxi-ss/sun4i-ss-cipher.c          |   5 +-
 drivers/md/dm-crypt.c                              |  93 ++---
 drivers/net/ppp/ppp_mppe.c                         |  99 +++---
 drivers/net/wireless/intersil/orinoco/mic.c        |  29 +-
 drivers/net/wireless/intersil/orinoco/mic.h        |   4 +-
 drivers/net/wireless/intersil/orinoco/orinoco.h    |   4 +-
 drivers/nfc/s3fwrn5/firmware.c                     |  36 +-
 drivers/scsi/iscsi_tcp.c                           |  54 +--
 drivers/scsi/iscsi_tcp.h                           |   4 +-
 drivers/scsi/libiscsi_tcp.c                        |  29 +-
 drivers/staging/rtl8192e/rtllib_crypt_tkip.c       |  99 +++---
 drivers/staging/rtl8192e/rtllib_crypt_wep.c        |  48 +--
 .../rtl8192u/ieee80211/ieee80211_crypt_tkip.c      |  92 ++---
 .../rtl8192u/ieee80211/ieee80211_crypt_wep.c       |  46 ++-
 drivers/target/iscsi/iscsi_target.c                |  86 ++---
 drivers/target/iscsi/iscsi_target_auth.c           |  98 ++----
 drivers/target/iscsi/iscsi_target_login.c          |  45 ++-
 drivers/usb/wusbcore/crypto.c                      |  30 +-
 fs/cifs/cifsencrypt.c                              |  32 +-
 fs/cifs/smbencrypt.c                               |  26 +-
 fs/ecryptfs/crypto.c                               | 107 +++---
 fs/ecryptfs/ecryptfs_kernel.h                      |  12 +-
 fs/ecryptfs/inode.c                                |   1 -
 fs/ecryptfs/keystore.c                             | 218 +++++++-----
 fs/ecryptfs/main.c                                 |   1 -
 fs/ecryptfs/mmap.c                                 |   1 -
 fs/ecryptfs/super.c                                |   1 -
 fs/ext4/crypto.c                                   |  24 +-
 fs/ext4/crypto_fname.c                             |  32 +-
 fs/ext4/crypto_key.c                               |  42 ++-
 fs/ext4/ext4_crypto.h                              |   2 +-
 fs/f2fs/crypto.c                                   |  24 +-
 fs/f2fs/crypto_fname.c                             |  32 +-
 fs/f2fs/crypto_key.c                               |  40 +--
 fs/f2fs/f2fs_crypto.h                              |   2 +-
 fs/nfsd/nfs4recover.c                              |  28 +-
 include/crypto/compress.h                          | 145 --------
 include/crypto/drbg.h                              |   4 -
 include/crypto/hash.h                              |  25 ++
 include/crypto/internal/compress.h                 |  28 --
 include/crypto/skcipher.h                          |  24 +-
 include/linux/crypto.h                             |   1 -
 include/linux/sunrpc/gss_krb5.h                    |  32 +-
 include/net/sctp/auth.h                            |   4 +-
 include/net/sctp/structs.h                         |   6 +-
 include/net/tcp.h                                  |   6 +-
 include/scsi/libiscsi_tcp.h                        |  13 +-
 include/target/iscsi/iscsi_target_core.h           |   4 +-
 net/bluetooth/smp.c                                | 135 ++++----
 net/ceph/crypto.c                                  | 101 +++---
 net/ipv4/tcp.c                                     |  41 ++-
 net/ipv4/tcp_fastopen.c                            |   1 +
 net/ipv4/tcp_ipv4.c                                |  23 +-
 net/ipv6/tcp_ipv6.c                                |  23 +-
 net/mac802154/llsec.c                              |  41 ++-
 net/mac802154/llsec.h                              |   3 +-
 net/rxrpc/ar-internal.h                            |   2 +-
 net/rxrpc/ar-key.c                                 |  12 +-
 net/rxrpc/rxkad.c                                  | 172 ++++++----
 net/sctp/auth.c                                    |  36 +-
 net/sctp/endpointola.c                             |   1 -
 net/sctp/sm_make_chunk.c                           |  51 +--
 net/sctp/socket.c                                  |   8 +-
 net/sunrpc/auth_gss/gss_krb5_crypto.c              | 350 +++++++++++--------
 net/sunrpc/auth_gss/gss_krb5_keys.c                |  12 +-
 net/sunrpc/auth_gss/gss_krb5_mech.c                |  89 ++---
 net/sunrpc/auth_gss/gss_krb5_seqnum.c              |  22 +-
 net/sunrpc/auth_gss/gss_krb5_wrap.c                |  24 +-
 net/wireless/lib80211_crypt_tkip.c                 |  99 +++---
 net/wireless/lib80211_crypt_wep.c                  |  46 ++-
 net/xfrm/xfrm_algo.c                               |   7 +-
 security/keys/encrypted-keys/encrypted.c           |  82 +++--
 108 files changed, 2091 insertions(+), 2637 deletions(-)
 create mode 100644 Documentation/devicetree/bindings/rng/brcm,bcm6368.txt
 create mode 100644 Documentation/devicetree/bindings/sparc_sun_oracle_rng.txt
 delete mode 100644 crypto/pcompress.c
 delete mode 100644 crypto/zlib.c
 delete mode 100644 include/crypto/compress.h
 delete mode 100644 include/crypto/internal/compress.h
Merging drm/drm-next (1df59b8497f4 Merge tag 'drm-intel-next-fixes-2016-01-14' of git://anongit.freedesktop.org/drm-intel into drm-next)
$ git merge drm/drm-next
Already up-to-date.
Merging drm-panel/drm/panel/for-next (abf08d5efee4 dt-bindings: Move panel bindings to correct location)
$ git merge drm-panel/drm/panel/for-next
Merge made by the 'recursive' strategy.
Merging drm-intel/for-linux-next (b16bb01fd2d5 drm/i915: Fix intel_tile_width() parameters)
$ git merge drm-intel/for-linux-next
Auto-merging mm/swapfile.c
Auto-merging drivers/gpu/drm/i915/intel_hdmi.c
Auto-merging drivers/gpu/drm/i915/intel_display.c
Merge made by the 'recursive' strategy.
 Documentation/DocBook/gpu.tmpl             |    6 +
 drivers/gpu/drm/i915/Kconfig               |    1 -
 drivers/gpu/drm/i915/i915_debugfs.c        |   83 ++-
 drivers/gpu/drm/i915/i915_dma.c            |  218 +++---
 drivers/gpu/drm/i915/i915_drv.c            |   15 +-
 drivers/gpu/drm/i915/i915_drv.h            |  121 ++-
 drivers/gpu/drm/i915/i915_gem.c            |  108 ++-
 drivers/gpu/drm/i915/i915_gem_context.c    |   63 +-
 drivers/gpu/drm/i915/i915_gem_execbuffer.c |  164 +++--
 drivers/gpu/drm/i915/i915_gem_gtt.c        |   37 +-
 drivers/gpu/drm/i915/i915_gem_gtt.h        |    3 +-
 drivers/gpu/drm/i915/i915_gem_shrinker.c   |   76 +-
 drivers/gpu/drm/i915/i915_gem_stolen.c     |    3 +
 drivers/gpu/drm/i915/i915_gem_userptr.c    |  181 ++---
 drivers/gpu/drm/i915/i915_gpu_error.c      |    2 +-
 drivers/gpu/drm/i915/i915_guc_reg.h        |    1 +
 drivers/gpu/drm/i915/i915_guc_submission.c |  199 +++--
 drivers/gpu/drm/i915/i915_irq.c            |  254 ++++---
 drivers/gpu/drm/i915/i915_params.c         |    1 +
 drivers/gpu/drm/i915/i915_params.h         |   68 ++
 drivers/gpu/drm/i915/i915_reg.h            |   16 +
 drivers/gpu/drm/i915/i915_sysfs.c          |    8 +-
 drivers/gpu/drm/i915/intel_atomic.c        |    2 +-
 drivers/gpu/drm/i915/intel_atomic_plane.c  |   14 +-
 drivers/gpu/drm/i915/intel_bios.c          |  412 ++++++-----
 drivers/gpu/drm/i915/intel_bios.h          |   60 +-
 drivers/gpu/drm/i915/intel_csr.c           |   14 +-
 drivers/gpu/drm/i915/intel_ddi.c           |  291 ++++----
 drivers/gpu/drm/i915/intel_display.c       | 1096 ++++++++++++++++------------
 drivers/gpu/drm/i915/intel_dp.c            |   30 +-
 drivers/gpu/drm/i915/intel_dp_mst.c        |    4 +-
 drivers/gpu/drm/i915/intel_drv.h           |   53 +-
 drivers/gpu/drm/i915/intel_dsi.c           |    9 +-
 drivers/gpu/drm/i915/intel_dsi.h           |    3 +-
 drivers/gpu/drm/i915/intel_dsi_panel_vbt.c |  153 ++--
 drivers/gpu/drm/i915/intel_dsi_pll.c       |   93 +--
 drivers/gpu/drm/i915/intel_fbdev.c         |    4 +-
 drivers/gpu/drm/i915/intel_guc.h           |   10 +-
 drivers/gpu/drm/i915/intel_guc_fwif.h      |  122 +++-
 drivers/gpu/drm/i915/intel_guc_loader.c    |   13 +-
 drivers/gpu/drm/i915/intel_hdmi.c          |    6 +
 drivers/gpu/drm/i915/intel_lrc.c           |  611 +++++++++-------
 drivers/gpu/drm/i915/intel_lrc.h           |   26 +-
 drivers/gpu/drm/i915/intel_overlay.c       |   24 +-
 drivers/gpu/drm/i915/intel_pm.c            |  219 +++---
 drivers/gpu/drm/i915/intel_ringbuffer.c    |  101 ++-
 drivers/gpu/drm/i915/intel_ringbuffer.h    |   20 +-
 drivers/gpu/drm/i915/intel_runtime_pm.c    |   31 +-
 drivers/gpu/drm/i915/intel_sdvo_regs.h     |   76 +-
 drivers/gpu/drm/i915/intel_sprite.c        |  189 +++--
 drivers/gpu/drm/i915/intel_uncore.c        |  139 ++--
 include/uapi/drm/i915_drm.h                |   43 +-
 mm/swapfile.c                              |    6 +
 53 files changed, 3208 insertions(+), 2294 deletions(-)
 create mode 100644 drivers/gpu/drm/i915/i915_params.h
 mode change 100644 => 100755 drivers/gpu/drm/i915/intel_hdmi.c
Merging drm-tegra/drm/tegra/for-next (d50bbe33efb5 gpu: host1x: Use a signed return type for do_relocs())
$ git merge drm-tegra/drm/tegra/for-next
Merge made by the 'recursive' strategy.
 drivers/gpu/host1x/bus.c | 4 +++-
 drivers/gpu/host1x/job.c | 2 +-
 2 files changed, 4 insertions(+), 2 deletions(-)
Merging drm-misc/topic/drm-misc (15b6b804b6e4 drm/vmwgfx: fix a NULL dereference)
$ git merge drm-misc/topic/drm-misc
Auto-merging Documentation/DocBook/gpu.tmpl
Merge made by the 'recursive' strategy.
 Documentation/DocBook/gpu.tmpl            |  48 +-----
 drivers/gpu/drm/armada/armada_drv.c       |   3 -
 drivers/gpu/drm/drm_atomic.c              |  44 ++----
 drivers/gpu/drm/drm_atomic_helper.c       |   5 +-
 drivers/gpu/drm/drm_crtc.c                |  36 ++---
 drivers/gpu/drm/drm_crtc_helper.c         |  13 +-
 drivers/gpu/drm/drm_fb_cma_helper.c       |   3 +-
 drivers/gpu/drm/drm_fb_helper.c           |  21 +++
 drivers/gpu/drm/drm_fops.c                | 236 +++++++++++++++++++++++++++---
 drivers/gpu/drm/drm_irq.c                 |   7 +-
 drivers/gpu/drm/exynos/exynos_drm_g2d.c   |  37 ++---
 drivers/gpu/drm/exynos/exynos_drm_ipp.c   |  29 ++--
 drivers/gpu/drm/fsl-dcu/fsl_dcu_drm_drv.c |   5 -
 drivers/gpu/drm/gma500/psb_drv.c          |   9 --
 drivers/gpu/drm/vmwgfx/vmwgfx_fence.c     |  35 ++---
 include/drm/drmP.h                        |  24 +--
 16 files changed, 318 insertions(+), 237 deletions(-)
Merging drm-exynos/exynos-drm/for-next (25364a9e54fb Merge branch 'for-linus' of git://git.kernel.org/pub/scm/linux/kernel/git/jikos/hid)
$ git merge drm-exynos/exynos-drm/for-next
Already up-to-date.
Merging drm-msm/msm-next (2abd1c88345e drm/msm/mdp: fix a problematic usage of WARN_ON())
$ git merge drm-msm/msm-next
Already up-to-date.
Merging hdlcd/for-upstream/hdlcd (40eb4e27aa20 arm64: Juno: Add HDLCD support to the Juno boards.)
$ git merge hdlcd/for-upstream/hdlcd
Auto-merging drivers/gpu/drm/Makefile
Auto-merging drivers/gpu/drm/Kconfig
Auto-merging MAINTAINERS
Merge made by the 'recursive' strategy.
 .../devicetree/bindings/display/arm,hdlcd.txt      |  79 +++
 MAINTAINERS                                        |   6 +
 arch/arm64/boot/dts/arm/juno-base.dtsi             |  46 +-
 drivers/gpu/drm/Kconfig                            |   2 +
 drivers/gpu/drm/Makefile                           |   1 +
 drivers/gpu/drm/arm/Kconfig                        |  27 +
 drivers/gpu/drm/arm/Makefile                       |   2 +
 drivers/gpu/drm/arm/hdlcd_crtc.c                   | 327 ++++++++++++
 drivers/gpu/drm/arm/hdlcd_drv.c                    | 567 +++++++++++++++++++++
 drivers/gpu/drm/arm/hdlcd_drv.h                    |  42 ++
 drivers/gpu/drm/arm/hdlcd_regs.h                   |  87 ++++
 11 files changed, 1182 insertions(+), 4 deletions(-)
 create mode 100644 Documentation/devicetree/bindings/display/arm,hdlcd.txt
 create mode 100644 drivers/gpu/drm/arm/Kconfig
 create mode 100644 drivers/gpu/drm/arm/Makefile
 create mode 100644 drivers/gpu/drm/arm/hdlcd_crtc.c
 create mode 100644 drivers/gpu/drm/arm/hdlcd_drv.c
 create mode 100644 drivers/gpu/drm/arm/hdlcd_drv.h
 create mode 100644 drivers/gpu/drm/arm/hdlcd_regs.h
Merging drm-vc4/drm-vc4-next (5645e785cea2 drm/vc4: fix an error code)
$ git merge drm-vc4/drm-vc4-next
Already up-to-date.
Merging sound/for-next (7ee96216c31a ALSA: dummy: Disable switching timer backend via sysfs)
$ git merge sound/for-next
Already up-to-date.
Merging sound-asoc/for-next (053484595cfe Merge remote-tracking branches 'asoc/topic/rt5659', 'asoc/topic/samsung', 'asoc/topic/ssm4567' and 'asoc/topic/wm8974' into asoc-next)
$ git merge sound-asoc/for-next
Merge made by the 'recursive' strategy.
 .../devicetree/bindings/sound/fsl-asoc-card.txt    |   2 +
 .../devicetree/bindings/sound/max98926.txt         |  32 +
 sound/soc/amd/acp-pcm-dma.c                        |   1 +
 sound/soc/bcm/bcm2835-i2s.c                        | 284 ++-----
 sound/soc/codecs/Kconfig                           |   5 +
 sound/soc/codecs/Makefile                          |   2 +
 sound/soc/codecs/ab8500-codec.c                    |   1 -
 sound/soc/codecs/max98926.c                        | 604 +++++++++++++++
 sound/soc/codecs/max98926.h                        | 848 +++++++++++++++++++++
 sound/soc/codecs/rt286.c                           |  26 +-
 sound/soc/codecs/rt5645.c                          |   2 +-
 sound/soc/codecs/rt5659.c                          |  33 +-
 sound/soc/codecs/rt5659.h                          |   1 -
 sound/soc/codecs/ssm4567.c                         |   5 +
 sound/soc/codecs/wm5110.c                          |   1 +
 sound/soc/codecs/wm8960.c                          |  40 +-
 sound/soc/codecs/wm8974.c                          |  93 +++
 sound/soc/davinci/davinci-mcasp.c                  |   2 +
 sound/soc/fsl/fsl_sai.c                            |   3 +-
 sound/soc/fsl/fsl_ssi.c                            |  42 +-
 sound/soc/fsl/imx-spdif.c                          |   2 -
 sound/soc/fsl/mpc5200_psc_ac97.c                   |   3 +-
 sound/soc/generic/simple-card.c                    |   2 +-
 sound/soc/intel/boards/cht_bsw_max98090_ti.c       |  17 +-
 sound/soc/intel/boards/cht_bsw_rt5645.c            |  13 +-
 sound/soc/intel/common/sst-match-acpi.c            |  16 +-
 sound/soc/intel/skylake/skl-topology.c             |   1 +
 sound/soc/mediatek/Kconfig                         |   4 +-
 sound/soc/mediatek/mtk-afe-common.h                |   1 +
 sound/soc/mediatek/mtk-afe-pcm.c                   |  22 +-
 sound/soc/mxs/mxs-saif.c                           |  13 +-
 sound/soc/qcom/lpass-platform.c                    |  15 +-
 sound/soc/samsung/s3c-i2s-v2.c                     |   2 +-
 sound/soc/samsung/s3c-i2s-v2.h                     |   2 +-
 sound/soc/sh/rcar/adg.c                            |   9 +-
 sound/soc/sh/rcar/cmd.c                            |  18 +-
 sound/soc/sh/rcar/core.c                           |  84 +-
 sound/soc/sh/rcar/ctu.c                            |  72 +-
 sound/soc/sh/rcar/dma.c                            |  56 +-
 sound/soc/sh/rcar/dvc.c                            |   2 +-
 sound/soc/sh/rcar/gen.c                            |  35 +
 sound/soc/sh/rcar/mix.c                            |   2 +-
 sound/soc/sh/rcar/rsnd.h                           |  80 +-
 sound/soc/sh/rcar/src.c                            |  71 +-
 sound/soc/sh/rcar/ssi.c                            | 176 ++---
 sound/soc/sh/rcar/ssiu.c                           |   3 +-
 46 files changed, 2151 insertions(+), 597 deletions(-)
 create mode 100644 Documentation/devicetree/bindings/sound/max98926.txt
 create mode 100644 sound/soc/codecs/max98926.c
 create mode 100644 sound/soc/codecs/max98926.h
Merging modules/modules-next (b3212ec77dd1 module: keep percpu symbols in module's symtab)
$ git merge modules/modules-next
Resolved 'arch/x86/kernel/livepatch.c' using previous resolution.
Auto-merging arch/x86/kernel/livepatch.c
CONFLICT (content): Merge conflict in arch/x86/kernel/livepatch.c
Automatic merge failed; fix conflicts and then commit the result.
$ git commit -v -a
[master c7b420034ce4] Merge remote-tracking branch 'modules/modules-next'
$ git diff -M --stat --summary HEAD^..
Merging input/next (98ee37714493 Input: byd - add BYD PS/2 touchpad driver)
$ git merge input/next
Merge made by the 'recursive' strategy.
 .../bindings/input/touchscreen/cyttsp.txt          |  95 ++++++
 drivers/input/mouse/Kconfig                        |  10 +
 drivers/input/mouse/Makefile                       |   1 +
 drivers/input/mouse/byd.c                          | 337 +++++++++++++++++++++
 drivers/input/mouse/byd.h                          |  18 ++
 drivers/input/mouse/psmouse-base.c                 |  14 +
 drivers/input/mouse/psmouse.h                      |   1 +
 drivers/input/touchscreen/cyttsp_core.c            | 194 ++++++++----
 drivers/input/touchscreen/cyttsp_core.h            |  10 +-
 drivers/input/touchscreen/cyttsp_i2c.c             |  10 -
 drivers/input/touchscreen/cyttsp_spi.c             |  10 -
 include/linux/input/cyttsp.h                       |  15 -
 12 files changed, 611 insertions(+), 104 deletions(-)
 create mode 100644 Documentation/devicetree/bindings/input/touchscreen/cyttsp.txt
 create mode 100644 drivers/input/mouse/byd.c
 create mode 100644 drivers/input/mouse/byd.h
Merging block/for-next (bb1192dd3fad Merge branch 'for-4.5/drivers' into for-next)
$ git merge block/for-next
Already up-to-date!
Merge made by the 'recursive' strategy.
Merging device-mapper/for-next (385277bfb57f dm snapshot: fix hung bios when copy error occurs)
$ git merge device-mapper/for-next
Already up-to-date.
Merging pcmcia/master (e8e68fd86d22 pcmcia: do not break rsrc_nonstatic when handling anonymous cards)
$ git merge pcmcia/master
Already up-to-date.
Merging mmc/mmc-next (11bc9381b277 mmc: sdhci-s3c: use mmc_of_parse and remove the card_tasklet)
$ git merge mmc/mmc-next
Already up-to-date.
Merging mmc-uh/next (ba3aa8cd2029 mmc: sdhci-iproc: Actually enable the clock)
$ git merge mmc-uh/next
Merge made by the 'recursive' strategy.
 drivers/mmc/core/debugfs.c         |  2 +-
 drivers/mmc/core/mmc_ops.c         | 19 ++++---------------
 drivers/mmc/core/pwrseq_simple.c   |  1 -
 drivers/mmc/core/sd_ops.c          |  7 +------
 drivers/mmc/core/sdio_ops.c        |  3 +--
 drivers/mmc/host/omap_hsmmc.c      |  5 ++++-
 drivers/mmc/host/sdhci-iproc.c     | 13 ++++++++++++-
 drivers/mmc/host/sdhci-of-arasan.c |  5 -----
 drivers/mmc/host/sdricoh_cs.c      | 26 +++++++++++---------------
 drivers/mmc/host/sh_mmcif.c        |  2 +-
 drivers/mmc/host/usdhi6rol0.c      |  2 +-
 11 files changed, 36 insertions(+), 49 deletions(-)
Merging kgdb/kgdb-next (2d289f14f00a kdb: Fix handling of kallsyms_symbol_next() return value)
$ git merge kgdb/kgdb-next
Merge made by the 'recursive' strategy.
 kernel/debug/kdb/kdb_io.c | 2 +-
 1 file changed, 1 insertion(+), 1 deletion(-)
Merging md/for-next (fc2561ec0afc md-cluster: delete useless code)
$ git merge md/for-next
Auto-merging MAINTAINERS
Merge made by the 'recursive' strategy.
 MAINTAINERS             |  1 +
 drivers/md/bitmap.c     |  4 ----
 drivers/md/faulty.c     | 18 +++++++++---------
 drivers/md/md-cluster.c |  6 +++++-
 drivers/md/raid1.c      | 21 +++++++++++----------
 drivers/md/raid10.c     | 20 ++++++++++----------
 drivers/md/raid5.c      | 45 +++++++++++++++++++++++----------------------
 include/linux/raid/pq.h |  2 ++
 8 files changed, 61 insertions(+), 56 deletions(-)
Merging mfd/for-mfd-next (5ae2c86a88fb mfd: lpss: Add PCI IDs for Intel Broxton B-Step platform)
$ git merge mfd/for-mfd-next
Merge made by the 'recursive' strategy.
 drivers/mfd/Kconfig          | 14 +++++++-------
 drivers/mfd/intel-lpss-pci.c | 19 ++++++++++++++++++-
 drivers/mfd/intel-lpss.c     |  1 +
 drivers/mfd/lpc_ich.c        |  5 ++++-
 drivers/mfd/tps65010.c       | 21 +--------------------
 5 files changed, 31 insertions(+), 29 deletions(-)
Merging backlight/for-backlight-next (60d613d6aef4 backlight: pwm_bl: Free PWM requested by legacy API on error path)
$ git merge backlight/for-backlight-next
Already up-to-date.
Merging battery/master (265b60497a57 power: bq27xxx_battery: Fix bq27541 AveragePower register address)
$ git merge battery/master
Already up-to-date.
Merging omap_dss2/for-next (caf05780f6ed Merge omapdss split between omapdrm and omapfb)
$ git merge omap_dss2/for-next
Already up-to-date.
Merging regulator/for-next (c74c2aa1765b Merge remote-tracking branches 'regulator/topic/act8945a', 'regulator/topic/fan53555' and 'regulator/topic/mt6397' into regulator-next)
$ git merge regulator/for-next
Merge made by the 'recursive' strategy.
 .../bindings/regulator/act8945a-regulator.txt      |  78 ++++++++++
 drivers/regulator/Kconfig                          |   9 ++
 drivers/regulator/Makefile                         |   1 +
 drivers/regulator/act8945a-regulator.c             | 172 +++++++++++++++++++++
 drivers/regulator/core.c                           |  29 ++--
 drivers/regulator/da9210-regulator.c               |   5 +
 drivers/regulator/fan53555.c                       |  18 +++
 drivers/regulator/mt6397-regulator.c               |  15 +-
 8 files changed, 309 insertions(+), 18 deletions(-)
 create mode 100644 Documentation/devicetree/bindings/regulator/act8945a-regulator.txt
 create mode 100644 drivers/regulator/act8945a-regulator.c
Merging security/next (607259e17b37 Merge branch 'next' of git://git.kernel.org/pub/scm/linux/kernel/git/zohar/linux-integrity into ra-next)
$ git merge security/next
Already up-to-date.
Merging integrity/next (1d6d167c2efc KEYS: refcount bug fix)
$ git merge integrity/next
Already up-to-date.
Merging selinux/next (9090a2d5e3e6 selinux: use absolute path to include directory)
$ git merge selinux/next
Merge made by the 'recursive' strategy.
 security/selinux/Makefile | 2 +-
 1 file changed, 1 insertion(+), 1 deletion(-)
Merging lblnet/next (b2776bf7149b Linux 3.18)
$ git merge lblnet/next
Already up-to-date.
Merging watchdog/master (92e963f50fc7 Linux 4.5-rc1)
$ git merge watchdog/master
Already up-to-date.
Merging iommu/next (32704253dc00 Merge branches 's390', 'arm/renesas', 'arm/msm', 'arm/shmobile', 'arm/smmu', 'x86/amd' and 'x86/vt-d' into next)
$ git merge iommu/next
Already up-to-date.
Merging dwmw2-iommu/master (fda3bec12d09 iommu/vt-d: Fix 64-bit accesses to 32-bit DMAR_GSTS_REG)
$ git merge dwmw2-iommu/master
Auto-merging drivers/iommu/intel_irq_remapping.c
Auto-merging drivers/iommu/dmar.c
Merge made by the 'recursive' strategy.
 drivers/iommu/dmar.c                |  2 +-
 drivers/iommu/intel-svm.c           | 33 +++++++++++++++++++++++++++------
 drivers/iommu/intel_irq_remapping.c |  2 +-
 3 files changed, 29 insertions(+), 8 deletions(-)
Merging vfio/next (d4f50ee2f5b4 vfio/iommu_type1: make use of info.flags)
$ git merge vfio/next
Already up-to-date.
Merging jc_docs/docs-next (df8a0dde7306 Remove "arch" usage in Documentation/features/list-arch.sh)
$ git merge jc_docs/docs-next
Merge made by the 'recursive' strategy.
 Documentation/CodingStyle           |  2 +-
 Documentation/SubmittingPatches     |  2 +-
 Documentation/features/list-arch.sh |  2 +-
 README                              | 14 +++++++-------
 4 files changed, 10 insertions(+), 10 deletions(-)
Merging trivial/for-next (bcf4299e6215 floppy: make local variable non-static)
$ git merge trivial/for-next
Already up-to-date.
Merging audit/next (935c9e7ff06a audit: log failed attempts to change audit_pid configuration)
$ git merge audit/next
Auto-merging kernel/audit.c
Merge made by the 'recursive' strategy.
 include/uapi/linux/audit.h |  1 +
 kernel/audit.c             | 20 +++++++++++++++++++-
 2 files changed, 20 insertions(+), 1 deletion(-)
Merging devicetree/devicetree/next (48a9b733e644 of/irq: Rename "intc_desc" to "of_intc_desc" to fix OF on sh)
$ git merge devicetree/devicetree/next
Already up-to-date.
Merging dt-rh/for-next (b8c15a91f1fe Merge branches 'dt/next' and 'dt/linus' into for-next)
$ git merge dt-rh/for-next
Auto-merging MAINTAINERS
Merge made by the 'recursive' strategy.
 MAINTAINERS          |  19 ++-
 include/linux/of.h   |   2 +-
 scripts/dtc/dtx_diff | 343 +++++++++++++++++++++++++++++++++++++++++++++++++++
 3 files changed, 362 insertions(+), 2 deletions(-)
 create mode 100755 scripts/dtc/dtx_diff
Merging mailbox/mailbox-for-next (bfbcfa770b1c mailbox: constify mbox_chan_ops structure)
$ git merge mailbox/mailbox-for-next
Already up-to-date.
Merging spi/for-next (5ba1b41cbbf7 Merge remote-tracking branch 'spi/topic/pxa2xx' into spi-next)
$ git merge spi/for-next
Merge made by the 'recursive' strategy.
 drivers/spi/Kconfig             |  4 ----
 drivers/spi/Makefile            |  3 +--
 drivers/spi/spi-fsl-espi.c      |  4 ++--
 drivers/spi/spi-imx.c           |  8 +++++---
 drivers/spi/spi-loopback-test.c |  1 +
 drivers/spi/spi-pxa2xx.c        | 26 +++++++++++++-------------
 drivers/spi/spi-pxa2xx.h        | 35 -----------------------------------
 7 files changed, 22 insertions(+), 59 deletions(-)
Merging tip/auto-latest (b4df0994be9e Merge branch 'x86/urgent')
$ git merge tip/auto-latest
Merge made by the 'recursive' strategy.
 Documentation/efi-stub.txt                        |   4 +-
 Documentation/x86/x86_64/mm.txt                   |  12 +-
 arch/x86/Kconfig                                  |   3 +-
 arch/x86/entry/calling.h                          |  31 -
 arch/x86/entry/vdso/vdso2c.h                      |   7 -
 arch/x86/entry/vdso/vma.c                         | 124 ++--
 arch/x86/entry/vsyscall/vsyscall_gtod.c           |   9 +-
 arch/x86/include/asm/clocksource.h                |   9 +-
 arch/x86/include/asm/cpufeature.h                 |   1 +
 arch/x86/include/asm/efi.h                        |  26 +
 arch/x86/include/asm/fixmap.h                     |   2 +-
 arch/x86/include/asm/frame.h                      |  59 +-
 arch/x86/include/asm/irq.h                        |   5 +-
 arch/x86/include/asm/mmu.h                        |   3 +-
 arch/x86/include/asm/vdso.h                       |   3 -
 arch/x86/include/asm/vgtod.h                      |   6 +
 arch/x86/kernel/apic/io_apic.c                    |   6 +-
 arch/x86/kernel/apic/vector.c                     | 221 ++++--
 arch/x86/kernel/apic/x2apic_uv_x.c                |   5 +-
 arch/x86/kernel/cpu/perf_event_intel_uncore.c     |   3 +
 arch/x86/kernel/cpu/perf_event_intel_uncore.h     |   1 +
 arch/x86/kernel/cpu/perf_event_intel_uncore_snb.c |  20 +
 arch/x86/kernel/head64.c                          |   8 +
 arch/x86/kernel/head_32.S                         |   6 +
 arch/x86/kernel/irq.c                             |  11 +-
 arch/x86/kernel/signal.c                          |  13 +-
 arch/x86/kernel/vmlinux.lds.S                     |   1 +
 arch/x86/mm/init_32.c                             |   3 -
 arch/x86/mm/init_64.c                             |  24 +-
 arch/x86/mm/pageattr.c                            |  17 +-
 arch/x86/mm/setup_nx.c                            |   5 +-
 arch/x86/platform/efi/efi-bgrt.c                  |  42 +-
 arch/x86/platform/efi/efi.c                       |  54 +-
 arch/x86/platform/efi/efi_32.c                    |   5 +
 arch/x86/platform/efi/efi_64.c                    | 159 ++++-
 arch/x86/platform/efi/efi_stub_64.S               |  43 --
 arch/x86/platform/efi/quirks.c                    |  21 +-
 arch/x86/platform/intel-mid/intel-mid.c           |   8 +-
 arch/x86/platform/intel-quark/imr.c               |  18 +-
 drivers/clocksource/tcb_clksrc.c                  |   3 +-
 drivers/firmware/efi/efi.c                        |  32 -
 drivers/firmware/efi/esrt.c                       |   5 +-
 fs/timerfd.c                                      |   2 +-
 include/linux/hrtimer.h                           |  34 +-
 include/linux/mm.h                                |   2 +
 include/linux/mm_types.h                          |  22 +-
 include/linux/perf_event.h                        |   2 +-
 kernel/events/core.c                              | 801 +++++++++++-----------
 kernel/events/hw_breakpoint.c                     |   2 +-
 kernel/events/ring_buffer.c                       |  40 +-
 kernel/irq/handle.c                               |   5 +-
 kernel/sched/core.c                               |   2 +-
 kernel/sched/fair.c                               |  30 +-
 kernel/time/hrtimer.c                             |  55 +-
 kernel/time/itimer.c                              |   2 +-
 kernel/time/ntp.c                                 |  14 +-
 kernel/time/posix-timers.c                        |   2 +-
 kernel/time/timer_list.c                          |   2 +-
 mm/memory.c                                       |  25 +-
 mm/mmap.c                                         |  13 +-
 tools/perf/Makefile.perf                          |  25 +-
 tools/perf/config/Makefile                        |   4 +
 tools/perf/tests/make                             |  55 +-
 tools/perf/util/session.c                         |   2 +-
 tools/perf/util/symbol.c                          |   2 +-
 65 files changed, 1277 insertions(+), 904 deletions(-)
Merging clockevents/clockevents/next (1ddca16cc5b3 clocksource/drivers/h8300: Use ioread / iowrite)
$ git merge clockevents/clockevents/next
Resolved 'drivers/clocksource/h8300_timer16.c' using previous resolution.
Auto-merging drivers/clocksource/h8300_timer16.c
CONFLICT (content): Merge conflict in drivers/clocksource/h8300_timer16.c
Automatic merge failed; fix conflicts and then commit the result.
$ git commit -v -a
[master cde9b60cbcf4] Merge remote-tracking branch 'clockevents/clockevents/next'
$ git diff -M --stat --summary HEAD^..
Merging edac/linux_next (12f0721c5a70 sb_edac: correctly fetch DIMM width on Ivy Bridge and Haswell)
$ git merge edac/linux_next
Already up-to-date.
Merging edac-amd/for-next (f5793c970888 arm64: Update the APM X-Gene EDAC node with the RB register resource)
$ git merge edac-amd/for-next
Merge made by the 'recursive' strategy.
 .../devicetree/bindings/edac/apm-xgene-edac.txt    | 10 ++++
 arch/arm64/boot/dts/apm/apm-storm.dtsi             |  6 ++
 drivers/edac/amd64_edac.c                          |  2 +-
 drivers/edac/xgene_edac.c                          | 70 +++++++++++++++++++++-
 4 files changed, 86 insertions(+), 2 deletions(-)
Merging irqchip/irqchip/for-next (f290917dc209 Merge branch 'irqchip/sunxi' into irqchip/for-next)
$ git merge irqchip/irqchip/for-next
Already up-to-date!
Merge made by the 'recursive' strategy.
Merging tiny/tiny/next (f114040e3ea6 Linux 3.18-rc1)
$ git merge tiny/tiny/next
Already up-to-date.
Merging ftrace/for-next (7fd13615992a tracing/dma-buf/fence: Fix timeline str value on fence_annotate_wait_on)
$ git merge ftrace/for-next
Auto-merging include/linux/ftrace.h
Merge made by the 'recursive' strategy.
 include/linux/ftrace.h       | 1 -
 include/trace/events/fence.h | 2 +-
 kernel/trace/trace.c         | 2 +-
 3 files changed, 2 insertions(+), 3 deletions(-)
Merging rcu/rcu/next (161b6f3e28db locking/mutexes: don't spin on owner when wait list is not NULL.)
$ git merge rcu/rcu/next
Merge made by the 'recursive' strategy.
 .../RCU/Design/Requirements/Requirements.html      | 102 +++-
 .../RCU/Design/Requirements/Requirements.htmlx     |  90 +++
 Documentation/kernel-parameters.txt                |  32 ++
 Documentation/memory-barriers.txt                  | 131 ++++-
 include/linux/compiler.h                           |  12 +-
 include/linux/irq.h                                |   6 +-
 include/linux/rcutiny.h                            |  16 +
 include/linux/rcutree.h                            |   2 +
 include/linux/srcu.h                               |  19 +-
 kernel/futex.c                                     |  18 +-
 kernel/irq/internals.h                             |   4 +
 kernel/locking/mutex.c                             |  11 +-
 kernel/locking/rtmutex.c                           | 111 ++--
 kernel/rcu/Makefile                                |   1 +
 kernel/rcu/rcuperf.c                               | 628 +++++++++++++++++++++
 kernel/rcu/rcutorture.c                            |  16 +-
 kernel/rcu/tiny_plugin.h                           |  15 +-
 kernel/rcu/tree.c                                  | 295 +++++++---
 kernel/rcu/tree.h                                  |  44 +-
 kernel/rcu/tree_plugin.h                           |  37 +-
 kernel/rcu/update.c                                |   1 +
 lib/Kconfig.debug                                  |  33 ++
 scripts/checkpatch.pl                              |   3 +-
 .../rcutorture/bin/kvm-recheck-rcuperf.sh          |  88 +++
 .../selftests/rcutorture/bin/kvm-recheck.sh        |   5 +-
 tools/testing/selftests/rcutorture/bin/kvm.sh      |   2 +-
 .../selftests/rcutorture/bin/parse-console.sh      |   6 +-
 .../selftests/rcutorture/configs/rcuperf/CFLIST    |   1 +
 .../selftests/rcutorture/configs/rcuperf/CFcommon  |   2 +
 .../selftests/rcutorture/configs/rcuperf/TREE      |  19 +
 .../rcutorture/configs/rcuperf/ver_functions.sh    |  52 ++
 31 files changed, 1561 insertions(+), 241 deletions(-)
 create mode 100644 kernel/rcu/rcuperf.c
 create mode 100755 tools/testing/selftests/rcutorture/bin/kvm-recheck-rcuperf.sh
 create mode 100644 tools/testing/selftests/rcutorture/configs/rcuperf/CFLIST
 create mode 100644 tools/testing/selftests/rcutorture/configs/rcuperf/CFcommon
 create mode 100644 tools/testing/selftests/rcutorture/configs/rcuperf/TREE
 create mode 100644 tools/testing/selftests/rcutorture/configs/rcuperf/ver_functions.sh
Merging kvm/linux-next (ed8e5a242826 KVM doc: Fix KVM_SMI chapter number)
$ git merge kvm/linux-next
Already up-to-date.
Merging kvm-arm/next (c7da6fa43cb1 arm/arm64: KVM: Detect vGIC presence at runtime)
$ git merge kvm-arm/next
Already up-to-date.
Merging kvm-ppc/kvm-ppc-next (c63517c2e381 KVM: PPC: Book3S: correct width in XER handling)
$ git merge kvm-ppc/kvm-ppc-next
Already up-to-date.
Merging kvm-ppc-paulus/kvm-ppc-next (b4d7f161feb3 KVM: PPC: Fix ONE_REG AltiVec support)
$ git merge kvm-ppc-paulus/kvm-ppc-next
Already up-to-date.
Merging kvms390/next (9fc684e9cc59 KVM: s390: allow sync of fp registers via vregs)
$ git merge kvms390/next
Auto-merging arch/s390/kvm/kvm-s390.c
Auto-merging arch/s390/include/asm/kvm_host.h
Merge made by the 'recursive' strategy.
 arch/s390/include/asm/kvm_host.h |  8 +------
 arch/s390/kvm/gaccess.c          | 46 ++++++++++++++++++++--------------------
 arch/s390/kvm/gaccess.h          | 17 +++++++++------
 arch/s390/kvm/intercept.c        | 35 +++++++++++++++++++++---------
 arch/s390/kvm/interrupt.c        | 36 ++++++++++++-------------------
 arch/s390/kvm/kvm-s390.c         | 13 ++++++++----
 arch/s390/kvm/kvm-s390.h         | 17 ++++++++++++++-
 arch/s390/kvm/priv.c             | 13 ++++++------
 include/uapi/linux/kvm.h         |  5 ++++-
 9 files changed, 110 insertions(+), 80 deletions(-)
Merging xen-tip/linux-next (a4cdb556cae0 xen/gntdev: add ioctl for grant copy)
$ git merge xen-tip/linux-next
Already up-to-date.
Merging percpu/for-next (18fc93fd6412 percpu: remove PERCPU_ENOUGH_ROOM which is stale definition)
$ git merge percpu/for-next
Already up-to-date.
Merging workqueues/for-next (6201171e3b2c workqueue: simplify the apply_workqueue_attrs_locked())
$ git merge workqueues/for-next
Already up-to-date.
Merging drivers-x86/for-next (6b31de3e6985 ideapad-laptop: Add Lenovo Yoga 700 to no_hw_rfkill dmi list)
$ git merge drivers-x86/for-next
Already up-to-date.
Merging chrome-platform/for-next (ebaf31c46cce platform/chrome: Fix i2c-designware adapter name)
$ git merge chrome-platform/for-next
Already up-to-date.
Merging regmap/for-next (b2572df517cc Merge remote-tracking branch 'regmap/topic/doc' into regmap-next)
$ git merge regmap/for-next
Merge made by the 'recursive' strategy.
 .../devicetree/bindings/regmap/regmap.txt          |  11 +-
 arch/mips/boot/dts/brcm/bcm6328.dtsi               |   1 +
 arch/mips/boot/dts/brcm/bcm6368.dtsi               |   2 +-
 arch/mips/boot/dts/brcm/bcm7125.dtsi               |   1 +
 arch/mips/boot/dts/brcm/bcm7346.dtsi               |   1 +
 arch/mips/boot/dts/brcm/bcm7358.dtsi               |   1 +
 arch/mips/boot/dts/brcm/bcm7360.dtsi               |   1 +
 arch/mips/boot/dts/brcm/bcm7362.dtsi               |   1 +
 arch/mips/boot/dts/brcm/bcm7420.dtsi               |   1 +
 arch/mips/boot/dts/brcm/bcm7425.dtsi               |   1 +
 arch/mips/boot/dts/brcm/bcm7435.dtsi               |   1 +
 drivers/base/regmap/regcache.c                     |   4 +-
 drivers/base/regmap/regmap-mmio.c                  | 259 +++++++++++----------
 drivers/base/regmap/regmap.c                       |   2 +
 include/linux/regmap.h                             |   2 +-
 15 files changed, 161 insertions(+), 128 deletions(-)
Merging hsi/for-next (87d99063be01 HSI: ssi-protocol: Use handshake logic from n950)
$ git merge hsi/for-next
Merge made by the 'recursive' strategy.
 Documentation/devicetree/bindings/hsi/nokia-modem.txt | 12 +++++++-----
 drivers/hsi/clients/nokia-modem.c                     |  2 ++
 drivers/hsi/clients/ssi_protocol.c                    | 16 +++++-----------
 3 files changed, 14 insertions(+), 16 deletions(-)
Merging leds/for-next (0568c1e304c1 leds: core: avoid error message when a USB LED device is unplugged)
$ git merge leds/for-next
Merge made by the 'recursive' strategy.
 drivers/leds/led-class.c | 2 ++
 drivers/leds/led-core.c  | 5 ++++-
 include/linux/leds.h     | 8 ++++++--
 3 files changed, 12 insertions(+), 3 deletions(-)
Merging ipmi/for-next (30f05309bde4 Merge tag 'pm+acpi-4.5-rc1-2' of git://git.kernel.org/pub/scm/linux/kernel/git/rafael/linux-pm)
$ git merge ipmi/for-next
Already up-to-date.
Merging driver-core/driver-core-next (92e963f50fc7 Linux 4.5-rc1)
$ git merge driver-core/driver-core-next
Already up-to-date.
Merging tty/tty-next (cee10c8cd3fd serial: 8250: Unfold < 80 char lines)
$ git merge tty/tty-next
Auto-merging kernel/audit.c
Merge made by the 'recursive' strategy.
 Documentation/serial/tty.txt        |   3 -
 drivers/staging/dgap/dgap.c         |  28 +---
 drivers/staging/dgnc/dgnc_tty.c     |  18 +--
 drivers/tty/amiserial.c             |   6 +-
 drivers/tty/cyclades.c              |   8 +-
 drivers/tty/n_gsm.c                 |  16 ---
 drivers/tty/n_tty.c                 | 115 +++-------------
 drivers/tty/pty.c                   |  27 +---
 drivers/tty/rocket.c                |   6 +-
 drivers/tty/serial/68328serial.c    |  12 +-
 drivers/tty/serial/8250/8250_core.c |   6 +-
 drivers/tty/serial/8250/8250_port.c | 145 +++++++++----------
 drivers/tty/serial/crisv10.c        |  12 +-
 drivers/tty/tty_audit.c             | 231 +++++++++----------------------
 drivers/tty/tty_io.c                | 268 +++++++++++++++++++-----------------
 drivers/tty/tty_ldisc.c             | 198 +++++++++++++-------------
 drivers/tty/tty_mutex.c             |   8 +-
 drivers/tty/vt/selection.c          |   2 +
 drivers/usb/serial/console.c        |   6 +-
 include/linux/audit.h               |   4 +
 include/linux/sched.h               |   1 -
 include/linux/tty.h                 |  42 ++----
 include/linux/tty_ldisc.h           |  13 --
 kernel/audit.c                      |  27 ++--
 net/nfc/nci/uart.c                  |   9 +-
 security/selinux/hooks.c            |   4 +-
 26 files changed, 479 insertions(+), 736 deletions(-)
Merging usb/usb-next (0e781c2258ff usb-misc: sisusbvga: fix error path)
$ git merge usb/usb-next
Auto-merging drivers/usb/core/hub.c
Merge made by the 'recursive' strategy.
 drivers/usb/chipidea/debug.c        |    5 +-
 drivers/usb/common/common.c         |    1 +
 drivers/usb/core/config.c           |    3 +-
 drivers/usb/core/devices.c          |   10 +-
 drivers/usb/core/devio.c            |   13 +-
 drivers/usb/core/file.c             |    9 +-
 drivers/usb/core/hcd-pci.c          |    2 +-
 drivers/usb/core/hcd.c              |   47 +-
 drivers/usb/core/hub.c              |   98 ++-
 drivers/usb/core/hub.h              |    7 +
 drivers/usb/core/sysfs.c            |    3 +
 drivers/usb/core/urb.c              |    3 +-
 drivers/usb/core/usb.c              |    4 +-
 drivers/usb/core/usb.h              |    2 +-
 drivers/usb/gadget/function/rndis.c |   18 +-
 drivers/usb/host/bcma-hcd.c         |   83 +-
 drivers/usb/host/ehci-fsl.c         |   24 +-
 drivers/usb/host/ehci-hcd.c         |    4 +-
 drivers/usb/host/ehci-msm.c         |   66 +-
 drivers/usb/host/ehci-pci.c         |    8 +-
 drivers/usb/host/ehci-platform.c    |    6 +-
 drivers/usb/host/ehci-st.c          |    6 +-
 drivers/usb/host/fotg210-hcd.c      |   15 +-
 drivers/usb/host/fsl-mph-dr-of.c    |    7 +-
 drivers/usb/host/max3421-hcd.c      |   16 +-
 drivers/usb/host/ohci-nxp.c         |    7 -
 drivers/usb/host/ohci-platform.c    |    6 +-
 drivers/usb/host/ohci-st.c          |    6 +-
 drivers/usb/host/oxu210hp-hcd.c     |   15 +-
 drivers/usb/host/u132-hcd.c         |   18 +-
 drivers/usb/misc/sisusbvga/sisusb.c | 1543 +++++++++++++++++------------------
 drivers/usb/renesas_usbhs/fifo.c    |   20 +-
 drivers/usb/renesas_usbhs/fifo.h    |   20 +-
 drivers/usb/renesas_usbhs/pipe.h    |    2 +-
 drivers/usb/storage/uas.c           |   36 +-
 drivers/usb/wusbcore/wusbhc.h       |    2 +-
 include/linux/usb/msm_hsusb_hw.h    |    1 +
 include/uapi/linux/usb/ch11.h       |   21 +
 include/uapi/linux/usb/ch9.h        |    1 +
 39 files changed, 1138 insertions(+), 1020 deletions(-)
Merging usb-gadget/next (5072cfc40a80 usb: dwc3: of-simple: fix build warning on !PM)
$ git merge usb-gadget/next
Already up-to-date.
Merging usb-serial/usb-next (92e963f50fc7 Linux 4.5-rc1)
$ git merge usb-serial/usb-next
Already up-to-date.
Merging usb-chipidea-next/ci-for-usb-next (6b8bc9c6fb26 usb: chipidea: udc: remove unused value assignment)
$ git merge usb-chipidea-next/ci-for-usb-next
Merge made by the 'recursive' strategy.
 Documentation/devicetree/bindings/usb/ci-hdrc-usb2.txt | 7 +++++++
 drivers/usb/chipidea/ci_hdrc_imx.c                     | 6 ++++++
 drivers/usb/chipidea/udc.c                             | 1 -
 3 files changed, 13 insertions(+), 1 deletion(-)
Merging staging/staging-next (587198ba5206 vmstat: Remove BUG_ON from vmstat_update)
$ git merge staging/staging-next
Already up-to-date.
Merging char-misc/char-misc-next (587198ba5206 vmstat: Remove BUG_ON from vmstat_update)
$ git merge char-misc/char-misc-next
Already up-to-date.
Merging extcon/extcon-next (03bf1adbd68d extcon: arizona: Use DAPM mutex helper functions)
$ git merge extcon/extcon-next
Merge made by the 'recursive' strategy.
 drivers/extcon/extcon-arizona.c  |  4 ++--
 drivers/extcon/extcon-gpio.c     |  2 +-
 drivers/extcon/extcon-max14577.c |  3 +++
 drivers/extcon/extcon-max77693.c | 12 +++++++++++-
 drivers/extcon/extcon-max77843.c |  3 +++
 drivers/extcon/extcon-max8997.c  |  3 +++
 drivers/extcon/extcon-rt8973a.c  |  8 ++++++--
 drivers/extcon/extcon-sm5502.c   |  8 ++++++--
 8 files changed, 35 insertions(+), 8 deletions(-)
Merging cgroup/for-next (8bb5ef79bc0f cgroup: make sure a parent css isn't freed before its children)
$ git merge cgroup/for-next
Merge made by the 'recursive' strategy.
 include/linux/cgroup-defs.h |  6 ++++
 include/linux/cpuset.h      |  6 ++++
 kernel/cgroup.c             | 31 +++++++++++++++-----
 kernel/cpuset.c             | 71 +++++++++++++++++++++++++++++++--------------
 4 files changed, 84 insertions(+), 30 deletions(-)
Merging scsi/for-next (cb444fbd0141 Merge branch 'misc' into for-next)
$ git merge scsi/for-next
Merge made by the 'recursive' strategy.
 drivers/scsi/be2iscsi/be.h          |   9 +-
 drivers/scsi/be2iscsi/be_cmds.c     | 453 +++++++++++++++++++-----------------
 drivers/scsi/be2iscsi/be_cmds.h     | 118 +++++-----
 drivers/scsi/be2iscsi/be_iscsi.c    |  54 ++---
 drivers/scsi/be2iscsi/be_main.c     | 224 +++++++++---------
 drivers/scsi/be2iscsi/be_main.h     |  23 +-
 drivers/scsi/be2iscsi/be_mgmt.c     | 426 ++++++++++++++++++++-------------
 drivers/scsi/be2iscsi/be_mgmt.h     |   2 +
 drivers/scsi/hisi_sas/Kconfig       |   2 +
 drivers/scsi/scsi_transport_iscsi.c |   2 +
 drivers/scsi/sd.c                   |   9 +-
 drivers/scsi/sr.c                   |   4 +
 include/scsi/iscsi_if.h             |   2 +
 13 files changed, 743 insertions(+), 585 deletions(-)
Merging target-updates/for-next (fab683eb12e7 scsi: qla2xxxx: avoid type mismatch in comparison)
$ git merge target-updates/for-next
Already up-to-date.
Merging target-merge/for-next-merge (bc0195aad0da Linux 4.2-rc2)
$ git merge target-merge/for-next-merge
Already up-to-date.
Merging pinctrl/for-next (f6af8e62cd21 Merge branch 'devel' into for-next)
$ git merge pinctrl/for-next
Merge made by the 'recursive' strategy.
 .../bindings/pinctrl/st,stm32-pinctrl.txt          |  126 ++
 drivers/pinctrl/Kconfig                            |    1 +
 drivers/pinctrl/Makefile                           |    3 +-
 drivers/pinctrl/freescale/pinctrl-imx.c            |   26 +
 drivers/pinctrl/mediatek/pinctrl-mt8127.c          |    8 +-
 drivers/pinctrl/mediatek/pinctrl-mt8135.c          |    8 +-
 drivers/pinctrl/mediatek/pinctrl-mt8173.c          |    8 +-
 drivers/pinctrl/nomadik/pinctrl-abx500.c           |    5 +-
 drivers/pinctrl/pinctrl-st.c                       |    1 +
 drivers/pinctrl/pxa/pinctrl-pxa2xx.c               |    1 +
 drivers/pinctrl/qcom/pinctrl-spmi-mpp.c            |   30 +-
 drivers/pinctrl/stm32/Kconfig                      |   16 +
 drivers/pinctrl/stm32/Makefile                     |    5 +
 drivers/pinctrl/stm32/pinctrl-stm32.c              |  834 ++++++++++
 drivers/pinctrl/stm32/pinctrl-stm32.h              |   43 +
 drivers/pinctrl/stm32/pinctrl-stm32f429.c          | 1598 ++++++++++++++++++++
 16 files changed, 2679 insertions(+), 34 deletions(-)
 create mode 100644 Documentation/devicetree/bindings/pinctrl/st,stm32-pinctrl.txt
 create mode 100644 drivers/pinctrl/stm32/Kconfig
 create mode 100644 drivers/pinctrl/stm32/Makefile
 create mode 100644 drivers/pinctrl/stm32/pinctrl-stm32.c
 create mode 100644 drivers/pinctrl/stm32/pinctrl-stm32.h
 create mode 100644 drivers/pinctrl/stm32/pinctrl-stm32f429.c
Merging vhost/linux-next (481eaec37e91 tools/virtio: add ringtest utilities)
$ git merge vhost/linux-next
Already up-to-date.
Merging remoteproc/for-next (7a6271a80cae remoteproc/wkup_m3: Use MODULE_DEVICE_TABLE to export alias)
$ git merge remoteproc/for-next
Auto-merging drivers/remoteproc/remoteproc_core.c
Merge made by the 'recursive' strategy.
 drivers/remoteproc/remoteproc_core.c | 4 +++-
 drivers/remoteproc/wkup_m3_rproc.c   | 1 +
 2 files changed, 4 insertions(+), 1 deletion(-)
Merging rpmsg/for-next (b1b9891441fa rpmsg: use less buffers when vrings are small)
$ git merge rpmsg/for-next
Already up-to-date.
Merging gpio/for-next (1bc7222e5552 Merge branch 'devel' into for-next)
$ git merge gpio/for-next
Auto-merging MAINTAINERS
Merge made by the 'recursive' strategy.
 MAINTAINERS                     |  12 ++
 drivers/gpio/Kconfig            |  30 ++-
 drivers/gpio/Makefile           |   2 +
 drivers/gpio/gpio-104-dio-48e.c | 439 ++++++++++++++++++++++++++++++++++++++++
 drivers/gpio/gpio-104-idi-48.c  |   3 +-
 drivers/gpio/gpio-altera.c      |   5 +-
 drivers/gpio/gpio-f7188x.c      |  27 ++-
 drivers/gpio/gpio-ws16c48.c     | 436 +++++++++++++++++++++++++++++++++++++++
 8 files changed, 943 insertions(+), 11 deletions(-)
 create mode 100644 drivers/gpio/gpio-104-dio-48e.c
 create mode 100644 drivers/gpio/gpio-ws16c48.c
$ git reset --hard HEAD^
HEAD is now at 6deacf3df347 Merge remote-tracking branch 'remoteproc/for-next'
Merging next-20160128 version of gpio
$ git merge -m next-20160128/gpio 73c13c83491142e2ee7850159fc73b5e0967806f
Merge made by the 'recursive' strategy.
 drivers/gpio/gpio-altera.c | 5 +++--
 1 file changed, 3 insertions(+), 2 deletions(-)
Merging dma-mapping/dma-mapping-next (d770e558e219 Linux 4.2-rc1)
$ git merge dma-mapping/dma-mapping-next
Already up-to-date.
Merging pwm/for-next (ff01c944cfa9 pwm: Mark all devices as "might sleep")
$ git merge pwm/for-next
Already up-to-date.
Merging dma-buf/for-next (168309855a7d Linux 4.4-rc8)
$ git merge dma-buf/for-next
Already up-to-date.
Merging userns/for-next (f2ca379642d7 namei: permit linking with CAP_FOWNER in userns)
$ git merge userns/for-next
Already up-to-date.
Merging ktest/for-next (b953c0d234bc Linux 4.1)
$ git merge ktest/for-next
Already up-to-date.
Merging clk/clk-next (3da834e3e5a4 clk: remove duplicated COMMON_CLK_NXP record from clk/Kconfig)
$ git merge clk/clk-next
Already up-to-date.
Merging random/dev (7185ad2672a7 crypto: memzero_explicit - make sure to clear out sensitive data)
$ git merge random/dev
Already up-to-date.
Merging aio/master (fb2e69217129 aio: Fix compile error due to unexpected use of cmpxchg())
$ git merge aio/master
Auto-merging net/unix/af_unix.c
Auto-merging net/sctp/socket.c
Auto-merging net/core/stream.c
Auto-merging net/atm/common.c
Auto-merging mm/readahead.c
Auto-merging mm/internal.h
Auto-merging mm/filemap.c
Auto-merging kernel/sysctl.c
Auto-merging kernel/auditsc.c
Auto-merging init/Kconfig
Auto-merging include/linux/sched.h
Auto-merging include/linux/fs.h
Auto-merging fs/splice.c
Auto-merging fs/read_write.c
Auto-merging fs/pipe.c
Auto-merging fs/namei.c
Auto-merging fs/internal.h
Auto-merging fs/attr.c
Merge made by the 'recursive' strategy.
 drivers/gpu/drm/drm_lock.c     |   2 +-
 drivers/gpu/drm/ttm/ttm_lock.c |   6 +-
 fs/aio.c                       | 729 ++++++++++++++++++++++++++++++++++++++---
 fs/attr.c                      |   2 +-
 fs/binfmt_flat.c               |   2 +-
 fs/fuse/dev.c                  |   2 +-
 fs/internal.h                  |   6 +
 fs/namei.c                     |   2 +-
 fs/pipe.c                      |   4 +-
 fs/read_write.c                |   5 +-
 fs/splice.c                    |   8 +-
 include/linux/aio.h            |   9 +
 include/linux/fs.h             |   3 +
 include/linux/sched.h          |   6 +
 include/uapi/linux/aio_abi.h   |  15 +-
 init/Kconfig                   |  13 +
 kernel/auditsc.c               |   6 +-
 kernel/signal.c                |  20 ++
 kernel/sysctl.c                |   9 +
 mm/filemap.c                   |   6 +-
 mm/internal.h                  |   4 +-
 mm/readahead.c                 |  13 +-
 net/atm/common.c               |   4 +-
 net/ax25/af_ax25.c             |   2 +-
 net/caif/caif_socket.c         |   2 +-
 net/core/stream.c              |   2 +-
 net/decnet/af_decnet.c         |   2 +-
 net/irda/af_irda.c             |   4 +-
 net/netrom/af_netrom.c         |   2 +-
 net/rose/af_rose.c             |   2 +-
 net/sctp/socket.c              |   2 +-
 net/unix/af_unix.c             |   4 +-
 net/x25/af_x25.c               |   2 +-
 33 files changed, 819 insertions(+), 81 deletions(-)
$ git reset --hard HEAD^
HEAD is now at 968abeb8c1b9 next-20160128/gpio
Merging next-20160111 version of aio
$ git merge -m next-20160111/aio 6a81013efc4013555c5de34c01530b805f45c92c
Auto-merging net/unix/af_unix.c
Auto-merging net/sctp/socket.c
Auto-merging net/core/stream.c
Auto-merging net/atm/common.c
Auto-merging mm/filemap.c
Auto-merging kernel/sysctl.c
Auto-merging kernel/auditsc.c
Auto-merging init/Kconfig
Auto-merging include/linux/sched.h
Auto-merging include/linux/fs.h
Auto-merging fs/splice.c
Auto-merging fs/read_write.c
Auto-merging fs/pipe.c
Auto-merging fs/internal.h
Auto-merging fs/attr.c
Merge made by the 'recursive' strategy.
 drivers/gpu/drm/drm_lock.c     |   2 +-
 drivers/gpu/drm/ttm/ttm_lock.c |   6 +-
 fs/aio.c                       | 382 ++++++++++++++++++++++++++++++++++++++---
 fs/attr.c                      |   2 +-
 fs/binfmt_flat.c               |   2 +-
 fs/fuse/dev.c                  |   2 +-
 fs/internal.h                  |   6 +
 fs/pipe.c                      |   4 +-
 fs/read_write.c                |   5 +-
 fs/splice.c                    |   8 +-
 include/linux/aio.h            |   8 +
 include/linux/fs.h             |   2 +
 include/linux/sched.h          |   6 +
 include/uapi/linux/aio_abi.h   |   2 +-
 init/Kconfig                   |  13 ++
 kernel/auditsc.c               |   6 +-
 kernel/signal.c                |  20 +++
 kernel/sysctl.c                |   9 +
 mm/filemap.c                   |   6 +-
 net/atm/common.c               |   4 +-
 net/ax25/af_ax25.c             |   2 +-
 net/caif/caif_socket.c         |   2 +-
 net/core/stream.c              |   2 +-
 net/decnet/af_decnet.c         |   2 +-
 net/irda/af_irda.c             |   4 +-
 net/netrom/af_netrom.c         |   2 +-
 net/rose/af_rose.c             |   2 +-
 net/sctp/socket.c              |   2 +-
 net/unix/af_unix.c             |   4 +-
 net/x25/af_x25.c               |   2 +-
 30 files changed, 455 insertions(+), 64 deletions(-)
Merging llvmlinux/for-next (25d4aee23af2 arm: LLVMLinux: Use global stack register variable for percpu)
$ git merge llvmlinux/for-next
Merge made by the 'recursive' strategy.
Merging kselftest/next (92e963f50fc7 Linux 4.5-rc1)
$ git merge kselftest/next
Already up-to-date.
Merging y2038/y2038 (477b8541b31f qla2xxx: Remove use of 'struct timeval')
$ git merge y2038/y2038
Merge made by the 'recursive' strategy.
 drivers/scsi/qla2xxx/qla_mr.c | 5 ++---
 fs/afs/main.c                 | 6 ++----
 2 files changed, 4 insertions(+), 7 deletions(-)
Merging luto-misc/next (afd2ff9b7e1b Linux 4.4)
$ git merge luto-misc/next
Already up-to-date.
Merging borntraeger/linux-next (2ff03ec88c14 s390: query dynamic DEBUG_PAGEALLOC setting)
$ git merge borntraeger/linux-next
Auto-merging include/linux/mm.h
Auto-merging arch/x86/mm/pageattr.c
Auto-merging arch/s390/kernel/dumpstack.c
Merge made by the 'recursive' strategy.
 arch/s390/kernel/dumpstack.c |  6 +++---
 arch/s390/mm/vmem.c          | 10 ++++------
 arch/x86/kernel/dumpstack.c  |  5 ++---
 arch/x86/mm/init.c           |  7 ++++---
 arch/x86/mm/pageattr.c       | 14 ++++----------
 include/linux/mm.h           |  9 +++++++--
 6 files changed, 24 insertions(+), 27 deletions(-)
Merging livepatching/for-next (03f726f415f5 Merge branch 'for-4.5/upstream-fixes' into for-next)
$ git merge livepatching/for-next
Merge made by the 'recursive' strategy.
 arch/s390/include/asm/livepatch.h | 2 +-
 arch/x86/include/asm/livepatch.h  | 2 +-
 2 files changed, 2 insertions(+), 2 deletions(-)
Merging coresight/next (409b6b10fee1 coresight: etm4x: Check every parameter used by dma_xx_coherent.)
$ git merge coresight/next
Merge made by the 'recursive' strategy.
 drivers/hwtracing/coresight/coresight-etm4x.c | 2 +-
 drivers/hwtracing/coresight/coresight-tmc.c   | 6 +++---
 drivers/hwtracing/coresight/of_coresight.c    | 2 +-
 3 files changed, 5 insertions(+), 5 deletions(-)
Merging rtc/rtc-next (f8ac7d15739e rtc: ds1307: add temperature sensor support for ds3231)
$ git merge rtc/rtc-next
Merge made by the 'recursive' strategy.
 drivers/rtc/Kconfig      |  11 ++++-
 drivers/rtc/rtc-ds1305.c |   4 +-
 drivers/rtc/rtc-ds1307.c | 117 ++++++++++++++++++++++++++++++++++++++++++++++-
 drivers/rtc/rtc-rx8025.c |   1 -
 4 files changed, 127 insertions(+), 6 deletions(-)
Merging hwspinlock/for-next (bd5717a4632c hwspinlock: qcom: Correct msb in regmap_field)
$ git merge hwspinlock/for-next
Already up-to-date.
Merging nvdimm/libnvdimm-for-next (8b63b6bfc1a5 Merge branch 'for-4.5/block-dax' into for-4.5/libnvdimm)
$ git merge nvdimm/libnvdimm-for-next
Already up-to-date.
Merging akpm-current/current (d9151d0cd95e arm64: asm: Explicitly include linux/personality.h in asm/page.h)
$ git merge --no-ff akpm-current/current
Auto-merging net/sctp/socket.c
Auto-merging mm/mmap.c
Auto-merging mm/memory.c
Auto-merging mm/filemap.c
Auto-merging kernel/signal.c
Auto-merging kernel/auditsc.c
Auto-merging init/Kconfig
Removing include/trace/events/gfpflags.h
Auto-merging include/linux/sched.h
Auto-merging include/linux/mm.h
Auto-merging include/linux/fs.h
Auto-merging drivers/gpu/host1x/job.c
Auto-merging arch/x86/Kconfig
Removing arch/s390/mm/extable.c
Removing arch/alpha/mm/extable.c
Auto-merging Documentation/kernel-parameters.txt
Merge made by the 'recursive' strategy.
 Documentation/blockdev/zram.txt                    |   10 +
 Documentation/cgroup-v2.txt                        |    4 +
 .../filesystems/ocfs2-online-filecheck.txt         |   94 ++
 Documentation/filesystems/proc.txt                 |    9 +-
 Documentation/kernel-parameters.txt                |   22 +-
 Documentation/memory-hotplug.txt                   |   23 +-
 Documentation/printk-formats.txt                   |   18 +
 Documentation/vm/ksm.txt                           |   63 ++
 Documentation/vm/page_owner.txt                    |    9 +-
 arch/Kconfig                                       |    4 +
 arch/alpha/include/asm/uaccess.h                   |   10 +-
 arch/alpha/mm/Makefile                             |    2 +-
 arch/alpha/mm/extable.c                            |   92 --
 arch/arm/Kconfig                                   |    1 +
 arch/arm/include/asm/page.h                        |    2 +
 arch/arm/kernel/smp.c                              |    2 +
 arch/arm/mach-lpc32xx/phy3250.c                    |   13 +-
 arch/arm/mach-netx/fb.c                            |   14 +-
 arch/arm/mach-nspire/clcd.c                        |   13 +-
 arch/arm64/include/asm/assembler.h                 |   15 +-
 arch/arm64/include/asm/futex.h                     |   12 +-
 arch/arm64/include/asm/page.h                      |    1 +
 arch/arm64/include/asm/uaccess.h                   |   30 +-
 arch/arm64/include/asm/word-at-a-time.h            |    7 +-
 arch/arm64/kernel/armv8_deprecated.c               |    7 +-
 arch/arm64/mm/extable.c                            |    2 +-
 arch/avr32/Kconfig                                 |    1 +
 arch/blackfin/Kconfig                              |    1 +
 arch/cris/Kconfig                                  |    1 +
 arch/ia64/include/asm/uaccess.h                    |    8 +-
 arch/ia64/mm/extable.c                             |   97 +-
 arch/mips/Kconfig                                  |    1 +
 arch/powerpc/Kconfig                               |    1 +
 arch/s390/Kconfig                                  |    1 +
 arch/s390/include/asm/uaccess.h                    |    8 +-
 arch/s390/mm/Makefile                              |    2 +-
 arch/s390/mm/extable.c                             |   85 --
 arch/sh/Kconfig                                    |    1 +
 arch/sparc/Kconfig                                 |    1 +
 arch/sparc/include/asm/compat.h                    |    7 +
 arch/sparc/include/asm/syscall.h                   |    9 +-
 arch/tile/Kconfig                                  |    1 +
 arch/x86/Kconfig                                   |    1 +
 arch/x86/include/asm/compat.h                      |    3 +-
 arch/x86/include/asm/ftrace.h                      |    2 +-
 arch/x86/include/asm/uaccess.h                     |    5 +-
 arch/x86/kernel/apic/hw_nmi.c                      |    1 -
 arch/x86/kernel/machine_kexec_64.c                 |   46 +
 arch/x86/kernel/process_64.c                       |    2 +-
 arch/x86/mm/extable.c                              |  106 +-
 block/genhd.c                                      |    2 +-
 drivers/base/memory.c                              |   34 +-
 drivers/block/zram/zcomp.c                         |   24 +
 drivers/block/zram/zcomp.h                         |    2 +
 drivers/block/zram/zram_drv.c                      |    7 +-
 drivers/dma/iop-adma.c                             |    8 +-
 drivers/dma/mv_xor.c                               |    4 +-
 drivers/dma/qcom_bam_dma.c                         |   14 +-
 drivers/firewire/core-cdev.c                       |    4 +-
 drivers/firmware/efi/efivars.c                     |    2 +-
 drivers/gpu/drm/amd/amdkfd/kfd_chardev.c           |    2 +-
 drivers/gpu/drm/amd/amdkfd/kfd_process.c           |    2 +-
 drivers/gpu/drm/drm_gem_cma_helper.c               |   13 +-
 drivers/gpu/drm/etnaviv/etnaviv_gpu.c              |    8 +-
 drivers/gpu/drm/omapdrm/omap_dmm_tiler.c           |   13 +-
 drivers/gpu/drm/omapdrm/omap_gem.c                 |    8 +-
 drivers/gpu/drm/sti/sti_cursor.c                   |   20 +-
 drivers/gpu/drm/sti/sti_gdp.c                      |    3 +-
 drivers/gpu/drm/sti/sti_hqvdp.c                    |    6 +-
 drivers/gpu/drm/tegra/gem.c                        |   11 +-
 drivers/gpu/drm/vc4/vc4_bo.c                       |    5 +-
 drivers/gpu/host1x/cdma.c                          |    8 +-
 drivers/gpu/host1x/job.c                           |   10 +-
 drivers/hid/uhid.c                                 |    2 +-
 drivers/hwspinlock/hwspinlock_core.c               |    4 +
 drivers/input/input-compat.h                       |   12 +-
 drivers/media/platform/coda/coda-bit.c             |   10 +-
 drivers/scsi/sg.c                                  |    2 +-
 .../staging/lustre/lustre/llite/llite_internal.h   |    2 +-
 drivers/video/fbdev/acornfb.c                      |    4 +-
 drivers/video/fbdev/amba-clcd-versatile.c          |   14 +-
 drivers/video/fbdev/amba-clcd.c                    |    4 +-
 drivers/video/fbdev/atmel_lcdfb.c                  |    9 +-
 drivers/video/fbdev/ep93xx-fb.c                    |    8 +-
 drivers/video/fbdev/gbefb.c                        |    8 +-
 drivers/video/fbdev/imxfb.c                        |   12 +-
 drivers/video/fbdev/mx3fb.c                        |    9 +-
 drivers/video/fbdev/nuc900fb.c                     |    8 +-
 drivers/video/fbdev/omap/lcdc.c                    |   16 +-
 drivers/video/fbdev/pxa168fb.c                     |    8 +-
 drivers/video/fbdev/pxafb.c                        |    4 +-
 drivers/video/fbdev/s3c-fb.c                       |    7 +-
 drivers/video/fbdev/s3c2410fb.c                    |    8 +-
 drivers/video/fbdev/sa1100fb.c                     |    8 +-
 drivers/xen/Kconfig                                |   23 +-
 drivers/xen/balloon.c                              |   11 +-
 fs/btrfs/tests/btrfs-tests.c                       |    3 +-
 fs/ext4/dir.c                                      |    2 +-
 fs/ext4/fsync.c                                    |    5 +-
 fs/mpage.c                                         |    3 +-
 fs/ocfs2/Makefile                                  |    3 +-
 fs/ocfs2/alloc.c                                   |  105 +-
 fs/ocfs2/aops.c                                    | 1138 ++++++++++----------
 fs/ocfs2/aops.h                                    |   19 +-
 fs/ocfs2/cluster/heartbeat.c                       |  205 +++-
 fs/ocfs2/dlm/dlmcommon.h                           |   21 +-
 fs/ocfs2/dlm/dlmconvert.c                          |   30 +-
 fs/ocfs2/dlm/dlmdomain.c                           |   11 +-
 fs/ocfs2/dlm/dlmmaster.c                           |  124 ++-
 fs/ocfs2/dlm/dlmrecovery.c                         |   33 +-
 fs/ocfs2/dlm/dlmthread.c                           |    7 +
 fs/ocfs2/file.c                                    |  164 +--
 fs/ocfs2/filecheck.c                               |  605 +++++++++++
 fs/ocfs2/filecheck.h                               |   48 +
 fs/ocfs2/inode.c                                   |  203 +++-
 fs/ocfs2/inode.h                                   |    9 +-
 fs/ocfs2/journal.c                                 |    8 +-
 fs/ocfs2/localalloc.c                              |    4 +-
 fs/ocfs2/mmap.c                                    |    4 +-
 fs/ocfs2/ocfs2.h                                   |    8 +
 fs/ocfs2/ocfs2_trace.h                             |   18 +-
 fs/ocfs2/quota_global.c                            |    2 +-
 fs/ocfs2/resize.c                                  |    2 +-
 fs/ocfs2/stackglue.c                               |    3 +-
 fs/ocfs2/stackglue.h                               |    2 +
 fs/ocfs2/super.c                                   |   49 +-
 fs/ocfs2/super.h                                   |    2 -
 fs/proc/task_mmu.c                                 |   73 +-
 fs/proc/task_nommu.c                               |   49 +-
 include/linux/compat.h                             |   15 +
 include/linux/crc64_ecma.h                         |   56 +
 include/linux/dma-mapping.h                        |   25 +-
 include/linux/fault-inject.h                       |    5 +-
 include/linux/fs.h                                 |    2 +-
 include/linux/gfp.h                                |    6 +-
 include/linux/hardirq.h                            |    2 +
 include/linux/kexec.h                              |    4 +
 include/linux/list_bl.h                            |    4 +-
 include/linux/memcontrol.h                         |    4 +-
 include/linux/memory.h                             |    3 +
 include/linux/memory_hotplug.h                     |    4 +-
 include/linux/migrate.h                            |    6 +-
 include/linux/mm.h                                 |   18 +-
 include/linux/mmdebug.h                            |    8 +-
 include/linux/mmzone.h                             |    9 +
 include/linux/oom.h                                |    2 +-
 include/linux/page_ext.h                           |    1 +
 include/linux/page_owner.h                         |   50 +-
 include/linux/percpu.h                             |    3 -
 include/linux/pfn_t.h                              |    4 +-
 include/linux/poison.h                             |    4 +
 include/linux/printk.h                             |   12 +-
 include/linux/radix-tree.h                         |   43 +-
 include/linux/sched.h                              |    1 +
 include/linux/sem.h                                |    1 +
 include/linux/slab.h                               |   11 +-
 include/linux/slab_def.h                           |    3 +
 include/linux/string.h                             |    1 +
 include/linux/swap.h                               |    1 +
 include/linux/trace_events.h                       |   10 -
 include/linux/tracepoint-defs.h                    |   14 +-
 include/trace/events/btrfs.h                       |    2 +-
 include/trace/events/compaction.h                  |    2 +-
 include/trace/events/gfpflags.h                    |   43 -
 include/trace/events/huge_memory.h                 |   40 +-
 include/trace/events/kmem.h                        |    2 +-
 include/trace/events/mmflags.h                     |  165 +++
 include/trace/events/vmscan.h                      |    2 +-
 init/Kconfig                                       |   43 +
 init/main.c                                        |    1 +
 ipc/msg.c                                          |    5 +-
 ipc/sem.c                                          |  124 ++-
 kernel/auditsc.c                                   |    4 +-
 kernel/exit.c                                      |    2 +-
 kernel/hung_task.c                                 |   21 +-
 kernel/kallsyms.c                                  |   38 +-
 kernel/kexec.c                                     |    9 +-
 kernel/kexec_core.c                                |    6 +
 kernel/kexec_file.c                                |    8 +-
 kernel/memremap.c                                  |    6 +-
 kernel/printk/Makefile                             |    1 +
 kernel/printk/internal.h                           |   55 +
 kernel/printk/nmi.c                                |  222 ++++
 kernel/printk/printk.c                             |   29 +-
 kernel/profile.c                                   |    4 +-
 kernel/ptrace.c                                    |    2 +-
 kernel/seccomp.c                                   |    4 +-
 kernel/signal.c                                    |   10 +-
 kernel/time/timer.c                                |   11 +
 lib/Kconfig                                        |    7 +
 lib/Kconfig.ubsan                                  |    5 +
 lib/Makefile                                       |    1 +
 lib/bug.c                                          |   11 +
 lib/crc64_ecma.c                                   |  341 ++++++
 lib/extable.c                                      |   50 +-
 lib/nmi_backtrace.c                                |   89 +-
 lib/radix-tree.c                                   |  178 ++-
 lib/test-string_helpers.c                          |   67 +-
 lib/test_printf.c                                  |   53 +
 lib/vsprintf.c                                     |   75 ++
 mm/Kconfig.debug                                   |   53 +-
 mm/Makefile                                        |    5 +-
 mm/backing-dev.c                                   |   19 +-
 mm/debug-pagealloc.c                               |  127 +--
 mm/debug.c                                         |  165 +--
 mm/failslab.c                                      |   11 +-
 mm/filemap.c                                       |  145 +--
 mm/huge_memory.c                                   |  158 ++-
 mm/internal.h                                      |   25 +
 mm/kmemcheck.c                                     |    3 +
 mm/ksm.c                                           |  733 +++++++++++--
 mm/madvise.c                                       |   19 +-
 mm/memblock.c                                      |    3 +
 mm/memory-failure.c                                |    2 -
 mm/memory.c                                        |   32 +-
 mm/memory_hotplug.c                                |   17 +-
 mm/mempolicy.c                                     |    5 +-
 mm/migrate.c                                       |   13 +-
 mm/mmap.c                                          |   23 +-
 mm/mprotect.c                                      |   18 +-
 mm/oom_kill.c                                      |  199 +++-
 mm/page-writeback.c                                |   11 +-
 mm/page_alloc.c                                    |  347 +++++-
 mm/page_owner.c                                    |  100 +-
 mm/page_poison.c                                   |  158 +++
 mm/shmem.c                                         |   30 +-
 mm/slab.c                                          |  741 +++++++------
 mm/slab.h                                          |   64 +-
 mm/slab_common.c                                   |    8 +-
 mm/slub.c                                          |   93 +-
 mm/util.c                                          |   57 +-
 mm/vmpressure.c                                    |    3 +-
 mm/vmscan.c                                        |   33 +-
 mm/vmstat.c                                        |   15 +-
 net/sctp/socket.c                                  |    2 +-
 net/xfrm/xfrm_user.c                               |    2 +-
 scripts/Makefile.ubsan                             |    4 +
 scripts/gdb/linux/proc.py                          |   41 +
 scripts/gdb/vmlinux-gdb.py                         |    1 +
 scripts/kallsyms.c                                 |  102 +-
 scripts/link-vmlinux.sh                            |    6 +-
 scripts/namespace.pl                               |    2 +
 scripts/sortextable.c                              |    2 +-
 sound/arm/pxa2xx-pcm-lib.c                         |   12 +-
 sound/soc/fsl/imx-pcm-fiq.c                        |   10 +-
 sound/soc/nuc900/nuc900-pcm.c                      |    6 +-
 sound/soc/omap/omap-pcm.c                          |   12 +-
 tools/perf/builtin-kmem.c                          |   49 +-
 tools/testing/nvdimm/test/iomap.c                  |    2 +-
 tools/testing/radix-tree/.gitignore                |    2 +
 tools/testing/radix-tree/Makefile                  |   20 +
 tools/testing/radix-tree/find_next_bit.c           |   57 +
 tools/testing/radix-tree/linux.c                   |   60 ++
 tools/testing/radix-tree/linux/bitops.h            |  150 +++
 tools/testing/radix-tree/linux/bitops/__ffs.h      |   43 +
 tools/testing/radix-tree/linux/bitops/ffs.h        |   41 +
 tools/testing/radix-tree/linux/bitops/ffz.h        |   12 +
 tools/testing/radix-tree/linux/bitops/find.h       |   13 +
 tools/testing/radix-tree/linux/bitops/fls.h        |   41 +
 tools/testing/radix-tree/linux/bitops/fls64.h      |   14 +
 tools/testing/radix-tree/linux/bitops/hweight.h    |   11 +
 tools/testing/radix-tree/linux/bitops/le.h         |   53 +
 tools/testing/radix-tree/linux/bitops/non-atomic.h |  111 ++
 tools/testing/radix-tree/linux/bug.h               |    1 +
 tools/testing/radix-tree/linux/cpu.h               |   35 +
 tools/testing/radix-tree/linux/export.h            |    2 +
 tools/testing/radix-tree/linux/gfp.h               |    8 +
 tools/testing/radix-tree/linux/kernel.h            |   34 +
 tools/testing/radix-tree/linux/kmemleak.h          |    1 +
 tools/testing/radix-tree/linux/mempool.h           |   17 +
 tools/testing/radix-tree/linux/notifier.h          |    8 +
 tools/testing/radix-tree/linux/percpu.h            |    7 +
 tools/testing/radix-tree/linux/preempt.h           |    5 +
 tools/testing/radix-tree/linux/radix-tree.h        |    1 +
 tools/testing/radix-tree/linux/rcupdate.h          |    9 +
 tools/testing/radix-tree/linux/slab.h              |   28 +
 tools/testing/radix-tree/linux/types.h             |   28 +
 tools/testing/radix-tree/main.c                    |  271 +++++
 tools/testing/radix-tree/rcupdate.c                |   86 ++
 tools/testing/radix-tree/regression.h              |    7 +
 tools/testing/radix-tree/regression1.c             |  221 ++++
 tools/testing/radix-tree/regression2.c             |  126 +++
 tools/testing/radix-tree/tag_check.c               |  332 ++++++
 tools/testing/radix-tree/test.c                    |  219 ++++
 tools/testing/radix-tree/test.h                    |   40 +
 285 files changed, 9040 insertions(+), 3067 deletions(-)
 create mode 100644 Documentation/filesystems/ocfs2-online-filecheck.txt
 delete mode 100644 arch/alpha/mm/extable.c
 delete mode 100644 arch/s390/mm/extable.c
 create mode 100644 fs/ocfs2/filecheck.c
 create mode 100644 fs/ocfs2/filecheck.h
 create mode 100644 include/linux/crc64_ecma.h
 delete mode 100644 include/trace/events/gfpflags.h
 create mode 100644 include/trace/events/mmflags.h
 create mode 100644 kernel/printk/internal.h
 create mode 100644 kernel/printk/nmi.c
 create mode 100644 lib/crc64_ecma.c
 create mode 100644 mm/page_poison.c
 create mode 100644 scripts/gdb/linux/proc.py
 create mode 100644 tools/testing/radix-tree/.gitignore
 create mode 100644 tools/testing/radix-tree/Makefile
 create mode 100644 tools/testing/radix-tree/find_next_bit.c
 create mode 100644 tools/testing/radix-tree/linux.c
 create mode 100644 tools/testing/radix-tree/linux/bitops.h
 create mode 100644 tools/testing/radix-tree/linux/bitops/__ffs.h
 create mode 100644 tools/testing/radix-tree/linux/bitops/ffs.h
 create mode 100644 tools/testing/radix-tree/linux/bitops/ffz.h
 create mode 100644 tools/testing/radix-tree/linux/bitops/find.h
 create mode 100644 tools/testing/radix-tree/linux/bitops/fls.h
 create mode 100644 tools/testing/radix-tree/linux/bitops/fls64.h
 create mode 100644 tools/testing/radix-tree/linux/bitops/hweight.h
 create mode 100644 tools/testing/radix-tree/linux/bitops/le.h
 create mode 100644 tools/testing/radix-tree/linux/bitops/non-atomic.h
 create mode 100644 tools/testing/radix-tree/linux/bug.h
 create mode 100644 tools/testing/radix-tree/linux/cpu.h
 create mode 100644 tools/testing/radix-tree/linux/export.h
 create mode 100644 tools/testing/radix-tree/linux/gfp.h
 create mode 100644 tools/testing/radix-tree/linux/kernel.h
 create mode 100644 tools/testing/radix-tree/linux/kmemleak.h
 create mode 100644 tools/testing/radix-tree/linux/mempool.h
 create mode 100644 tools/testing/radix-tree/linux/notifier.h
 create mode 100644 tools/testing/radix-tree/linux/percpu.h
 create mode 100644 tools/testing/radix-tree/linux/preempt.h
 create mode 100644 tools/testing/radix-tree/linux/radix-tree.h
 create mode 100644 tools/testing/radix-tree/linux/rcupdate.h
 create mode 100644 tools/testing/radix-tree/linux/slab.h
 create mode 100644 tools/testing/radix-tree/linux/types.h
 create mode 100644 tools/testing/radix-tree/main.c
 create mode 100644 tools/testing/radix-tree/rcupdate.c
 create mode 100644 tools/testing/radix-tree/regression.h
 create mode 100644 tools/testing/radix-tree/regression1.c
 create mode 100644 tools/testing/radix-tree/regression2.c
 create mode 100644 tools/testing/radix-tree/tag_check.c
 create mode 100644 tools/testing/radix-tree/test.c
 create mode 100644 tools/testing/radix-tree/test.h
$ git clone -s -l -n -q . ../rebase-tmp
$ cd ../rebase-tmp
$ git checkout -b akpm remotes/origin/akpm/master
Switched to a new branch 'akpm'
$ git rebase --onto master remotes/origin/akpm/master-base
First, rewinding head to replay your work on top of it...
Applying: drivers/net/wireless/intel/iwlwifi/dvm/calib.c: simplfy min() expression
Applying: include/linux/huge_mm.h: pmd_trans_huge_lock() returns a spinlock_t *
Applying: lib/string_helpers: export string_units_{2,10} for others
Applying: lib/string_helpers: fix indentation in few places
Applying: x86/efi: print size and base in binary units in efi_print_memmap
Applying: x86/efi: use proper units in efi_find_mirror()
$ cd ../next
$ git fetch -f ../rebase-tmp akpm:akpm/master
From ../rebase-tmp
 + 1ca4ddf2df3d...e8bdf7e916a4 akpm       -> akpm/master  (forced update)
$ rm -rf ../rebase-tmp
Merging akpm/master (e8bdf7e916a4 x86/efi: use proper units in efi_find_mirror())
$ git merge --no-ff akpm/master
Merge made by the 'recursive' strategy.
 arch/x86/platform/efi/efi.c                    | 27 +++++++++++++++++---------
 drivers/net/wireless/intel/iwlwifi/dvm/calib.c |  3 +--
 include/linux/huge_mm.h                        |  2 +-
 include/linux/string_helpers.h                 |  6 ++++++
 lib/string_helpers.c                           | 26 +++++++++++++------------
 5 files changed, 40 insertions(+), 24 deletions(-)
